

================================================================
== Vivado HLS Report for 'calcHash'
================================================================
* Date:           Sun Nov 13 04:21:06 2016

* Version:        2016.2 (Build 1577090 on Thu Jun 02 16:59:10 MDT 2016)
* Project:        getVariableChunk2
* Solution:       solution1
* Product family: zynq
* Target device:  xc7z020clg484-1


================================================================
== Performance Estimates
================================================================
+ Timing (ns): 
    * Summary: 
    +--------+-------+----------+------------+
    |  Clock | Target| Estimated| Uncertainty|
    +--------+-------+----------+------------+
    |ap_clk  |  10.00|      8.57|        1.25|
    +--------+-------+----------+------------+

+ Latency (clock cycles): 
    * Summary: 
    +------+------+------+------+---------+
    |   Latency   |   Interval  | Pipeline|
    |  min |  max |  min |  max |   Type  |
    +------+------+------+------+---------+
    |  5728|  5728|  5729|  5729|   none  |
    +------+------+------+------+---------+

    + Detail: 
        * Instance: 
        +----------------------------------+----------------------+------+------+------+------+---------+
        |                                  |                      |   Latency   |   Interval  | Pipeline|
        |             Instance             |        Module        |  min |  max |  min |  max |   Type  |
        +----------------------------------+----------------------+------+------+------+------+---------+
        |grp_calcHash_rollingHash_fu_2794  |calcHash_rollingHash  |  1624|  1624|  1624|  1624|   none  |
        +----------------------------------+----------------------+------+------+------+------+---------+

        * Loop: 
        +----------+------+------+----------+-----------+-----------+------+----------+
        |          |   Latency   | Iteration|  Initiation Interval  | Trip |          |
        | Loop Name|  min |  max |  Latency |  achieved |   target  | Count| Pipelined|
        +----------+------+------+----------+-----------+-----------+------+----------+
        |- Loop 1  |  4096|  4096|         1|          1|          1|  4096|    yes   |
        |- Loop 2  |     3|     3|         2|          1|          1|     3|    yes   |
        +----------+------+------+----------+-----------+-----------+------+----------+



================================================================
== Utilization Estimates
================================================================
* Summary: 
+-----------------+---------+-------+--------+-------+
|       Name      | BRAM_18K| DSP48E|   FF   |  LUT  |
+-----------------+---------+-------+--------+-------+
|DSP              |        -|      -|       -|      -|
|Expression       |        -|      -|       0|     23|
|FIFO             |        -|      -|       -|      -|
|Instance         |      128|      -|    8460|  26118|
|Memory           |      128|      -|       0|      0|
|Multiplexer      |        -|      -|       -|    917|
|Register         |        -|      -|     124|      -|
+-----------------+---------+-------+--------+-------+
|Total            |      256|      0|    8584|  27058|
+-----------------+---------+-------+--------+-------+
|Available        |      280|    220|  106400|  53200|
+-----------------+---------+-------+--------+-------+
|Utilization (%)  |       91|      0|       8|     50|
+-----------------+---------+-------+--------+-------+

+ Detail: 
    * Instance: 
    +----------------------------------+-----------------------------+---------+-------+------+-------+
    |             Instance             |            Module           | BRAM_18K| DSP48E|  FF  |  LUT  |
    +----------------------------------+-----------------------------+---------+-------+------+-------+
    |calcHash_mux_3to1_sel2_32_1_U131  |calcHash_mux_3to1_sel2_32_1  |        0|      0|     0|     32|
    |grp_calcHash_rollingHash_fu_2794  |calcHash_rollingHash         |      128|      0|  8460|  26086|
    +----------------------------------+-----------------------------+---------+-------+------+-------+
    |Total                             |                             |      128|      0|  8460|  26118|
    +----------------------------------+-----------------------------+---------+-------+------+-------+

    * DSP48: 
    N/A

    * Memory: 
    +-----------+----------------+---------+---+----+------+-----+------+-------------+
    |   Memory  |     Module     | BRAM_18K| FF| LUT| Words| Bits| Banks| W*Bits*Banks|
    +-----------+----------------+---------+---+----+------+-----+------+-------------+
    |str_0_U    |calcHash_str_0  |        1|  0|   0|    32|    8|     1|          256|
    |str_1_U    |calcHash_str_0  |        1|  0|   0|    32|    8|     1|          256|
    |str_2_U    |calcHash_str_0  |        1|  0|   0|    32|    8|     1|          256|
    |str_3_U    |calcHash_str_0  |        1|  0|   0|    32|    8|     1|          256|
    |str_4_U    |calcHash_str_0  |        1|  0|   0|    32|    8|     1|          256|
    |str_5_U    |calcHash_str_0  |        1|  0|   0|    32|    8|     1|          256|
    |str_6_U    |calcHash_str_0  |        1|  0|   0|    32|    8|     1|          256|
    |str_7_U    |calcHash_str_0  |        1|  0|   0|    32|    8|     1|          256|
    |str_8_U    |calcHash_str_0  |        1|  0|   0|    32|    8|     1|          256|
    |str_9_U    |calcHash_str_0  |        1|  0|   0|    32|    8|     1|          256|
    |str_10_U   |calcHash_str_0  |        1|  0|   0|    32|    8|     1|          256|
    |str_11_U   |calcHash_str_0  |        1|  0|   0|    32|    8|     1|          256|
    |str_12_U   |calcHash_str_0  |        1|  0|   0|    32|    8|     1|          256|
    |str_13_U   |calcHash_str_0  |        1|  0|   0|    32|    8|     1|          256|
    |str_14_U   |calcHash_str_0  |        1|  0|   0|    32|    8|     1|          256|
    |str_15_U   |calcHash_str_0  |        1|  0|   0|    32|    8|     1|          256|
    |str_16_U   |calcHash_str_0  |        1|  0|   0|    32|    8|     1|          256|
    |str_17_U   |calcHash_str_0  |        1|  0|   0|    32|    8|     1|          256|
    |str_18_U   |calcHash_str_0  |        1|  0|   0|    32|    8|     1|          256|
    |str_19_U   |calcHash_str_0  |        1|  0|   0|    32|    8|     1|          256|
    |str_20_U   |calcHash_str_0  |        1|  0|   0|    32|    8|     1|          256|
    |str_21_U   |calcHash_str_0  |        1|  0|   0|    32|    8|     1|          256|
    |str_22_U   |calcHash_str_0  |        1|  0|   0|    32|    8|     1|          256|
    |str_23_U   |calcHash_str_0  |        1|  0|   0|    32|    8|     1|          256|
    |str_24_U   |calcHash_str_0  |        1|  0|   0|    32|    8|     1|          256|
    |str_25_U   |calcHash_str_0  |        1|  0|   0|    32|    8|     1|          256|
    |str_26_U   |calcHash_str_0  |        1|  0|   0|    32|    8|     1|          256|
    |str_27_U   |calcHash_str_0  |        1|  0|   0|    32|    8|     1|          256|
    |str_28_U   |calcHash_str_0  |        1|  0|   0|    32|    8|     1|          256|
    |str_29_U   |calcHash_str_0  |        1|  0|   0|    32|    8|     1|          256|
    |str_30_U   |calcHash_str_0  |        1|  0|   0|    32|    8|     1|          256|
    |str_31_U   |calcHash_str_0  |        1|  0|   0|    32|    8|     1|          256|
    |str_32_U   |calcHash_str_0  |        1|  0|   0|    32|    8|     1|          256|
    |str_33_U   |calcHash_str_0  |        1|  0|   0|    32|    8|     1|          256|
    |str_34_U   |calcHash_str_0  |        1|  0|   0|    32|    8|     1|          256|
    |str_35_U   |calcHash_str_0  |        1|  0|   0|    32|    8|     1|          256|
    |str_36_U   |calcHash_str_0  |        1|  0|   0|    32|    8|     1|          256|
    |str_37_U   |calcHash_str_0  |        1|  0|   0|    32|    8|     1|          256|
    |str_38_U   |calcHash_str_0  |        1|  0|   0|    32|    8|     1|          256|
    |str_39_U   |calcHash_str_0  |        1|  0|   0|    32|    8|     1|          256|
    |str_40_U   |calcHash_str_0  |        1|  0|   0|    32|    8|     1|          256|
    |str_41_U   |calcHash_str_0  |        1|  0|   0|    32|    8|     1|          256|
    |str_42_U   |calcHash_str_0  |        1|  0|   0|    32|    8|     1|          256|
    |str_43_U   |calcHash_str_0  |        1|  0|   0|    32|    8|     1|          256|
    |str_44_U   |calcHash_str_0  |        1|  0|   0|    32|    8|     1|          256|
    |str_45_U   |calcHash_str_0  |        1|  0|   0|    32|    8|     1|          256|
    |str_46_U   |calcHash_str_0  |        1|  0|   0|    32|    8|     1|          256|
    |str_47_U   |calcHash_str_0  |        1|  0|   0|    32|    8|     1|          256|
    |str_48_U   |calcHash_str_0  |        1|  0|   0|    32|    8|     1|          256|
    |str_49_U   |calcHash_str_0  |        1|  0|   0|    32|    8|     1|          256|
    |str_50_U   |calcHash_str_0  |        1|  0|   0|    32|    8|     1|          256|
    |str_51_U   |calcHash_str_0  |        1|  0|   0|    32|    8|     1|          256|
    |str_52_U   |calcHash_str_0  |        1|  0|   0|    32|    8|     1|          256|
    |str_53_U   |calcHash_str_0  |        1|  0|   0|    32|    8|     1|          256|
    |str_54_U   |calcHash_str_0  |        1|  0|   0|    32|    8|     1|          256|
    |str_55_U   |calcHash_str_0  |        1|  0|   0|    32|    8|     1|          256|
    |str_56_U   |calcHash_str_0  |        1|  0|   0|    32|    8|     1|          256|
    |str_57_U   |calcHash_str_0  |        1|  0|   0|    32|    8|     1|          256|
    |str_58_U   |calcHash_str_0  |        1|  0|   0|    32|    8|     1|          256|
    |str_59_U   |calcHash_str_0  |        1|  0|   0|    32|    8|     1|          256|
    |str_60_U   |calcHash_str_0  |        1|  0|   0|    32|    8|     1|          256|
    |str_61_U   |calcHash_str_0  |        1|  0|   0|    32|    8|     1|          256|
    |str_62_U   |calcHash_str_0  |        1|  0|   0|    32|    8|     1|          256|
    |str_63_U   |calcHash_str_0  |        1|  0|   0|    32|    8|     1|          256|
    |str_64_U   |calcHash_str_0  |        1|  0|   0|    32|    8|     1|          256|
    |str_65_U   |calcHash_str_0  |        1|  0|   0|    32|    8|     1|          256|
    |str_66_U   |calcHash_str_0  |        1|  0|   0|    32|    8|     1|          256|
    |str_67_U   |calcHash_str_0  |        1|  0|   0|    32|    8|     1|          256|
    |str_68_U   |calcHash_str_0  |        1|  0|   0|    32|    8|     1|          256|
    |str_69_U   |calcHash_str_0  |        1|  0|   0|    32|    8|     1|          256|
    |str_70_U   |calcHash_str_0  |        1|  0|   0|    32|    8|     1|          256|
    |str_71_U   |calcHash_str_0  |        1|  0|   0|    32|    8|     1|          256|
    |str_72_U   |calcHash_str_0  |        1|  0|   0|    32|    8|     1|          256|
    |str_73_U   |calcHash_str_0  |        1|  0|   0|    32|    8|     1|          256|
    |str_74_U   |calcHash_str_0  |        1|  0|   0|    32|    8|     1|          256|
    |str_75_U   |calcHash_str_0  |        1|  0|   0|    32|    8|     1|          256|
    |str_76_U   |calcHash_str_0  |        1|  0|   0|    32|    8|     1|          256|
    |str_77_U   |calcHash_str_0  |        1|  0|   0|    32|    8|     1|          256|
    |str_78_U   |calcHash_str_0  |        1|  0|   0|    32|    8|     1|          256|
    |str_79_U   |calcHash_str_0  |        1|  0|   0|    32|    8|     1|          256|
    |str_80_U   |calcHash_str_0  |        1|  0|   0|    32|    8|     1|          256|
    |str_81_U   |calcHash_str_0  |        1|  0|   0|    32|    8|     1|          256|
    |str_82_U   |calcHash_str_0  |        1|  0|   0|    32|    8|     1|          256|
    |str_83_U   |calcHash_str_0  |        1|  0|   0|    32|    8|     1|          256|
    |str_84_U   |calcHash_str_0  |        1|  0|   0|    32|    8|     1|          256|
    |str_85_U   |calcHash_str_0  |        1|  0|   0|    32|    8|     1|          256|
    |str_86_U   |calcHash_str_0  |        1|  0|   0|    32|    8|     1|          256|
    |str_87_U   |calcHash_str_0  |        1|  0|   0|    32|    8|     1|          256|
    |str_88_U   |calcHash_str_0  |        1|  0|   0|    32|    8|     1|          256|
    |str_89_U   |calcHash_str_0  |        1|  0|   0|    32|    8|     1|          256|
    |str_90_U   |calcHash_str_0  |        1|  0|   0|    32|    8|     1|          256|
    |str_91_U   |calcHash_str_0  |        1|  0|   0|    32|    8|     1|          256|
    |str_92_U   |calcHash_str_0  |        1|  0|   0|    32|    8|     1|          256|
    |str_93_U   |calcHash_str_0  |        1|  0|   0|    32|    8|     1|          256|
    |str_94_U   |calcHash_str_0  |        1|  0|   0|    32|    8|     1|          256|
    |str_95_U   |calcHash_str_0  |        1|  0|   0|    32|    8|     1|          256|
    |str_96_U   |calcHash_str_0  |        1|  0|   0|    32|    8|     1|          256|
    |str_97_U   |calcHash_str_0  |        1|  0|   0|    32|    8|     1|          256|
    |str_98_U   |calcHash_str_0  |        1|  0|   0|    32|    8|     1|          256|
    |str_99_U   |calcHash_str_0  |        1|  0|   0|    32|    8|     1|          256|
    |str_100_U  |calcHash_str_0  |        1|  0|   0|    32|    8|     1|          256|
    |str_101_U  |calcHash_str_0  |        1|  0|   0|    32|    8|     1|          256|
    |str_102_U  |calcHash_str_0  |        1|  0|   0|    32|    8|     1|          256|
    |str_103_U  |calcHash_str_0  |        1|  0|   0|    32|    8|     1|          256|
    |str_104_U  |calcHash_str_0  |        1|  0|   0|    32|    8|     1|          256|
    |str_105_U  |calcHash_str_0  |        1|  0|   0|    32|    8|     1|          256|
    |str_106_U  |calcHash_str_0  |        1|  0|   0|    32|    8|     1|          256|
    |str_107_U  |calcHash_str_0  |        1|  0|   0|    32|    8|     1|          256|
    |str_108_U  |calcHash_str_0  |        1|  0|   0|    32|    8|     1|          256|
    |str_109_U  |calcHash_str_0  |        1|  0|   0|    32|    8|     1|          256|
    |str_110_U  |calcHash_str_0  |        1|  0|   0|    32|    8|     1|          256|
    |str_111_U  |calcHash_str_0  |        1|  0|   0|    32|    8|     1|          256|
    |str_112_U  |calcHash_str_0  |        1|  0|   0|    32|    8|     1|          256|
    |str_113_U  |calcHash_str_0  |        1|  0|   0|    32|    8|     1|          256|
    |str_114_U  |calcHash_str_0  |        1|  0|   0|    32|    8|     1|          256|
    |str_115_U  |calcHash_str_0  |        1|  0|   0|    32|    8|     1|          256|
    |str_116_U  |calcHash_str_0  |        1|  0|   0|    32|    8|     1|          256|
    |str_117_U  |calcHash_str_0  |        1|  0|   0|    32|    8|     1|          256|
    |str_118_U  |calcHash_str_0  |        1|  0|   0|    32|    8|     1|          256|
    |str_119_U  |calcHash_str_0  |        1|  0|   0|    32|    8|     1|          256|
    |str_120_U  |calcHash_str_0  |        1|  0|   0|    32|    8|     1|          256|
    |str_121_U  |calcHash_str_0  |        1|  0|   0|    32|    8|     1|          256|
    |str_122_U  |calcHash_str_0  |        1|  0|   0|    32|    8|     1|          256|
    |str_123_U  |calcHash_str_0  |        1|  0|   0|    32|    8|     1|          256|
    |str_124_U  |calcHash_str_0  |        1|  0|   0|    32|    8|     1|          256|
    |str_125_U  |calcHash_str_0  |        1|  0|   0|    32|    8|     1|          256|
    |str_126_U  |calcHash_str_0  |        1|  0|   0|    32|    8|     1|          256|
    |str_127_U  |calcHash_str_0  |        1|  0|   0|    32|    8|     1|          256|
    +-----------+----------------+---------+---+----+------+-----+------+-------------+
    |Total      |                |      128|  0|   0|  4096| 1024|   128|        32768|
    +-----------+----------------+---------+---+----+------+-----+------+-------------+

    * FIFO: 
    N/A

    * Expression: 
    +----------------------+----------+-------+---+----+------------+------------+
    |     Variable Name    | Operation| DSP48E| FF| LUT| Bitwidth P0| Bitwidth P1|
    +----------------------+----------+-------+---+----+------------+------------+
    |i_1_fu_3102_p2        |     +    |      0|  0|   2|           2|           1|
    |i_2_fu_2932_p2        |     +    |      0|  0|  13|          13|           1|
    |ap_sig_64             |    and   |      0|  0|   1|           1|           1|
    |ap_sig_70             |    and   |      0|  0|   1|           1|           1|
    |exitcond4_fu_2926_p2  |   icmp   |      0|  0|   5|          13|          14|
    |exitcond_fu_3096_p2   |   icmp   |      0|  0|   1|           2|           2|
    +----------------------+----------+-------+---+----+------------+------------+
    |Total                 |          |      0|  0|  23|          32|          20|
    +----------------------+----------+-------+---+----+------------+------------+

    * Multiplexer: 
    +---------------------------------------+----+-----------+-----+-----------+
    |                  Name                 | LUT| Input Size| Bits| Total Bits|
    +---------------------------------------+----+-----------+-----+-----------+
    |ap_NS_fsm                              |   1|          7|    1|          7|
    |ap_sig_ioackin_indicesStream_V_TREADY  |   1|          2|    1|          2|
    |i1_phi_fu_2786_p4                      |   2|          2|    2|          4|
    |i1_reg_2782                            |   2|          2|    2|          4|
    |i_reg_2771                             |  13|          2|   13|         26|
    |indicesStream_V_TDATA_blk_n            |   1|          2|    1|          2|
    |strStream_V_TDATA_blk_n                |   1|          2|    1|          2|
    |str_0_address1                         |   5|          3|    5|         15|
    |str_0_ce0                              |   1|          2|    1|          2|
    |str_0_ce1                              |   1|          3|    1|          3|
    |str_100_address1                       |   5|          3|    5|         15|
    |str_100_ce0                            |   1|          2|    1|          2|
    |str_100_ce1                            |   1|          3|    1|          3|
    |str_101_address1                       |   5|          3|    5|         15|
    |str_101_ce0                            |   1|          2|    1|          2|
    |str_101_ce1                            |   1|          3|    1|          3|
    |str_102_address1                       |   5|          3|    5|         15|
    |str_102_ce0                            |   1|          2|    1|          2|
    |str_102_ce1                            |   1|          3|    1|          3|
    |str_103_address1                       |   5|          3|    5|         15|
    |str_103_ce0                            |   1|          2|    1|          2|
    |str_103_ce1                            |   1|          3|    1|          3|
    |str_104_address1                       |   5|          3|    5|         15|
    |str_104_ce0                            |   1|          2|    1|          2|
    |str_104_ce1                            |   1|          3|    1|          3|
    |str_105_address1                       |   5|          3|    5|         15|
    |str_105_ce0                            |   1|          2|    1|          2|
    |str_105_ce1                            |   1|          3|    1|          3|
    |str_106_address1                       |   5|          3|    5|         15|
    |str_106_ce0                            |   1|          2|    1|          2|
    |str_106_ce1                            |   1|          3|    1|          3|
    |str_107_address1                       |   5|          3|    5|         15|
    |str_107_ce0                            |   1|          2|    1|          2|
    |str_107_ce1                            |   1|          3|    1|          3|
    |str_108_address1                       |   5|          3|    5|         15|
    |str_108_ce0                            |   1|          2|    1|          2|
    |str_108_ce1                            |   1|          3|    1|          3|
    |str_109_address1                       |   5|          3|    5|         15|
    |str_109_ce0                            |   1|          2|    1|          2|
    |str_109_ce1                            |   1|          3|    1|          3|
    |str_10_address1                        |   5|          3|    5|         15|
    |str_10_ce0                             |   1|          2|    1|          2|
    |str_10_ce1                             |   1|          3|    1|          3|
    |str_110_address1                       |   5|          3|    5|         15|
    |str_110_ce0                            |   1|          2|    1|          2|
    |str_110_ce1                            |   1|          3|    1|          3|
    |str_111_address1                       |   5|          3|    5|         15|
    |str_111_ce0                            |   1|          2|    1|          2|
    |str_111_ce1                            |   1|          3|    1|          3|
    |str_112_address1                       |   5|          3|    5|         15|
    |str_112_ce0                            |   1|          2|    1|          2|
    |str_112_ce1                            |   1|          3|    1|          3|
    |str_113_address1                       |   5|          3|    5|         15|
    |str_113_ce0                            |   1|          2|    1|          2|
    |str_113_ce1                            |   1|          3|    1|          3|
    |str_114_address1                       |   5|          3|    5|         15|
    |str_114_ce0                            |   1|          2|    1|          2|
    |str_114_ce1                            |   1|          3|    1|          3|
    |str_115_address1                       |   5|          3|    5|         15|
    |str_115_ce0                            |   1|          2|    1|          2|
    |str_115_ce1                            |   1|          3|    1|          3|
    |str_116_address1                       |   5|          3|    5|         15|
    |str_116_ce0                            |   1|          2|    1|          2|
    |str_116_ce1                            |   1|          3|    1|          3|
    |str_117_address1                       |   5|          3|    5|         15|
    |str_117_ce0                            |   1|          2|    1|          2|
    |str_117_ce1                            |   1|          3|    1|          3|
    |str_118_address1                       |   5|          3|    5|         15|
    |str_118_ce0                            |   1|          2|    1|          2|
    |str_118_ce1                            |   1|          3|    1|          3|
    |str_119_address1                       |   5|          3|    5|         15|
    |str_119_ce0                            |   1|          2|    1|          2|
    |str_119_ce1                            |   1|          3|    1|          3|
    |str_11_address1                        |   5|          3|    5|         15|
    |str_11_ce0                             |   1|          2|    1|          2|
    |str_11_ce1                             |   1|          3|    1|          3|
    |str_120_address1                       |   5|          3|    5|         15|
    |str_120_ce0                            |   1|          2|    1|          2|
    |str_120_ce1                            |   1|          3|    1|          3|
    |str_121_address1                       |   5|          3|    5|         15|
    |str_121_ce0                            |   1|          2|    1|          2|
    |str_121_ce1                            |   1|          3|    1|          3|
    |str_122_address1                       |   5|          3|    5|         15|
    |str_122_ce0                            |   1|          2|    1|          2|
    |str_122_ce1                            |   1|          3|    1|          3|
    |str_123_address1                       |   5|          3|    5|         15|
    |str_123_ce0                            |   1|          2|    1|          2|
    |str_123_ce1                            |   1|          3|    1|          3|
    |str_124_address1                       |   5|          3|    5|         15|
    |str_124_ce0                            |   1|          2|    1|          2|
    |str_124_ce1                            |   1|          3|    1|          3|
    |str_125_address1                       |   5|          3|    5|         15|
    |str_125_ce0                            |   1|          2|    1|          2|
    |str_125_ce1                            |   1|          3|    1|          3|
    |str_126_address1                       |   5|          3|    5|         15|
    |str_126_ce0                            |   1|          2|    1|          2|
    |str_126_ce1                            |   1|          3|    1|          3|
    |str_127_address1                       |   5|          3|    5|         15|
    |str_127_ce0                            |   1|          2|    1|          2|
    |str_127_ce1                            |   1|          3|    1|          3|
    |str_12_address1                        |   5|          3|    5|         15|
    |str_12_ce0                             |   1|          2|    1|          2|
    |str_12_ce1                             |   1|          3|    1|          3|
    |str_13_address1                        |   5|          3|    5|         15|
    |str_13_ce0                             |   1|          2|    1|          2|
    |str_13_ce1                             |   1|          3|    1|          3|
    |str_14_address1                        |   5|          3|    5|         15|
    |str_14_ce0                             |   1|          2|    1|          2|
    |str_14_ce1                             |   1|          3|    1|          3|
    |str_15_address1                        |   5|          3|    5|         15|
    |str_15_ce0                             |   1|          2|    1|          2|
    |str_15_ce1                             |   1|          3|    1|          3|
    |str_16_address1                        |   5|          3|    5|         15|
    |str_16_ce0                             |   1|          2|    1|          2|
    |str_16_ce1                             |   1|          3|    1|          3|
    |str_17_address1                        |   5|          3|    5|         15|
    |str_17_ce0                             |   1|          2|    1|          2|
    |str_17_ce1                             |   1|          3|    1|          3|
    |str_18_address1                        |   5|          3|    5|         15|
    |str_18_ce0                             |   1|          2|    1|          2|
    |str_18_ce1                             |   1|          3|    1|          3|
    |str_19_address1                        |   5|          3|    5|         15|
    |str_19_ce0                             |   1|          2|    1|          2|
    |str_19_ce1                             |   1|          3|    1|          3|
    |str_1_address1                         |   5|          3|    5|         15|
    |str_1_ce0                              |   1|          2|    1|          2|
    |str_1_ce1                              |   1|          3|    1|          3|
    |str_20_address1                        |   5|          3|    5|         15|
    |str_20_ce0                             |   1|          2|    1|          2|
    |str_20_ce1                             |   1|          3|    1|          3|
    |str_21_address1                        |   5|          3|    5|         15|
    |str_21_ce0                             |   1|          2|    1|          2|
    |str_21_ce1                             |   1|          3|    1|          3|
    |str_22_address1                        |   5|          3|    5|         15|
    |str_22_ce0                             |   1|          2|    1|          2|
    |str_22_ce1                             |   1|          3|    1|          3|
    |str_23_address1                        |   5|          3|    5|         15|
    |str_23_ce0                             |   1|          2|    1|          2|
    |str_23_ce1                             |   1|          3|    1|          3|
    |str_24_address1                        |   5|          3|    5|         15|
    |str_24_ce0                             |   1|          2|    1|          2|
    |str_24_ce1                             |   1|          3|    1|          3|
    |str_25_address1                        |   5|          3|    5|         15|
    |str_25_ce0                             |   1|          2|    1|          2|
    |str_25_ce1                             |   1|          3|    1|          3|
    |str_26_address1                        |   5|          3|    5|         15|
    |str_26_ce0                             |   1|          2|    1|          2|
    |str_26_ce1                             |   1|          3|    1|          3|
    |str_27_address1                        |   5|          3|    5|         15|
    |str_27_ce0                             |   1|          2|    1|          2|
    |str_27_ce1                             |   1|          3|    1|          3|
    |str_28_address1                        |   5|          3|    5|         15|
    |str_28_ce0                             |   1|          2|    1|          2|
    |str_28_ce1                             |   1|          3|    1|          3|
    |str_29_address1                        |   5|          3|    5|         15|
    |str_29_ce0                             |   1|          2|    1|          2|
    |str_29_ce1                             |   1|          3|    1|          3|
    |str_2_address1                         |   5|          3|    5|         15|
    |str_2_ce0                              |   1|          2|    1|          2|
    |str_2_ce1                              |   1|          3|    1|          3|
    |str_30_address1                        |   5|          3|    5|         15|
    |str_30_ce0                             |   1|          2|    1|          2|
    |str_30_ce1                             |   1|          3|    1|          3|
    |str_31_address1                        |   5|          3|    5|         15|
    |str_31_ce0                             |   1|          2|    1|          2|
    |str_31_ce1                             |   1|          3|    1|          3|
    |str_32_address1                        |   5|          3|    5|         15|
    |str_32_ce0                             |   1|          2|    1|          2|
    |str_32_ce1                             |   1|          3|    1|          3|
    |str_33_address1                        |   5|          3|    5|         15|
    |str_33_ce0                             |   1|          2|    1|          2|
    |str_33_ce1                             |   1|          3|    1|          3|
    |str_34_address1                        |   5|          3|    5|         15|
    |str_34_ce0                             |   1|          2|    1|          2|
    |str_34_ce1                             |   1|          3|    1|          3|
    |str_35_address1                        |   5|          3|    5|         15|
    |str_35_ce0                             |   1|          2|    1|          2|
    |str_35_ce1                             |   1|          3|    1|          3|
    |str_36_address1                        |   5|          3|    5|         15|
    |str_36_ce0                             |   1|          2|    1|          2|
    |str_36_ce1                             |   1|          3|    1|          3|
    |str_37_address1                        |   5|          3|    5|         15|
    |str_37_ce0                             |   1|          2|    1|          2|
    |str_37_ce1                             |   1|          3|    1|          3|
    |str_38_address1                        |   5|          3|    5|         15|
    |str_38_ce0                             |   1|          2|    1|          2|
    |str_38_ce1                             |   1|          3|    1|          3|
    |str_39_address1                        |   5|          3|    5|         15|
    |str_39_ce0                             |   1|          2|    1|          2|
    |str_39_ce1                             |   1|          3|    1|          3|
    |str_3_address1                         |   5|          3|    5|         15|
    |str_3_ce0                              |   1|          2|    1|          2|
    |str_3_ce1                              |   1|          3|    1|          3|
    |str_40_address1                        |   5|          3|    5|         15|
    |str_40_ce0                             |   1|          2|    1|          2|
    |str_40_ce1                             |   1|          3|    1|          3|
    |str_41_address1                        |   5|          3|    5|         15|
    |str_41_ce0                             |   1|          2|    1|          2|
    |str_41_ce1                             |   1|          3|    1|          3|
    |str_42_address1                        |   5|          3|    5|         15|
    |str_42_ce0                             |   1|          2|    1|          2|
    |str_42_ce1                             |   1|          3|    1|          3|
    |str_43_address1                        |   5|          3|    5|         15|
    |str_43_ce0                             |   1|          2|    1|          2|
    |str_43_ce1                             |   1|          3|    1|          3|
    |str_44_address1                        |   5|          3|    5|         15|
    |str_44_ce0                             |   1|          2|    1|          2|
    |str_44_ce1                             |   1|          3|    1|          3|
    |str_45_address1                        |   5|          3|    5|         15|
    |str_45_ce0                             |   1|          2|    1|          2|
    |str_45_ce1                             |   1|          3|    1|          3|
    |str_46_address1                        |   5|          3|    5|         15|
    |str_46_ce0                             |   1|          2|    1|          2|
    |str_46_ce1                             |   1|          3|    1|          3|
    |str_47_address1                        |   5|          3|    5|         15|
    |str_47_ce0                             |   1|          2|    1|          2|
    |str_47_ce1                             |   1|          3|    1|          3|
    |str_48_address1                        |   5|          3|    5|         15|
    |str_48_ce0                             |   1|          2|    1|          2|
    |str_48_ce1                             |   1|          3|    1|          3|
    |str_49_address1                        |   5|          3|    5|         15|
    |str_49_ce0                             |   1|          2|    1|          2|
    |str_49_ce1                             |   1|          3|    1|          3|
    |str_4_address1                         |   5|          3|    5|         15|
    |str_4_ce0                              |   1|          2|    1|          2|
    |str_4_ce1                              |   1|          3|    1|          3|
    |str_50_address1                        |   5|          3|    5|         15|
    |str_50_ce0                             |   1|          2|    1|          2|
    |str_50_ce1                             |   1|          3|    1|          3|
    |str_51_address1                        |   5|          3|    5|         15|
    |str_51_ce0                             |   1|          2|    1|          2|
    |str_51_ce1                             |   1|          3|    1|          3|
    |str_52_address1                        |   5|          3|    5|         15|
    |str_52_ce0                             |   1|          2|    1|          2|
    |str_52_ce1                             |   1|          3|    1|          3|
    |str_53_address1                        |   5|          3|    5|         15|
    |str_53_ce0                             |   1|          2|    1|          2|
    |str_53_ce1                             |   1|          3|    1|          3|
    |str_54_address1                        |   5|          3|    5|         15|
    |str_54_ce0                             |   1|          2|    1|          2|
    |str_54_ce1                             |   1|          3|    1|          3|
    |str_55_address1                        |   5|          3|    5|         15|
    |str_55_ce0                             |   1|          2|    1|          2|
    |str_55_ce1                             |   1|          3|    1|          3|
    |str_56_address1                        |   5|          3|    5|         15|
    |str_56_ce0                             |   1|          2|    1|          2|
    |str_56_ce1                             |   1|          3|    1|          3|
    |str_57_address1                        |   5|          3|    5|         15|
    |str_57_ce0                             |   1|          2|    1|          2|
    |str_57_ce1                             |   1|          3|    1|          3|
    |str_58_address1                        |   5|          3|    5|         15|
    |str_58_ce0                             |   1|          2|    1|          2|
    |str_58_ce1                             |   1|          3|    1|          3|
    |str_59_address1                        |   5|          3|    5|         15|
    |str_59_ce0                             |   1|          2|    1|          2|
    |str_59_ce1                             |   1|          3|    1|          3|
    |str_5_address1                         |   5|          3|    5|         15|
    |str_5_ce0                              |   1|          2|    1|          2|
    |str_5_ce1                              |   1|          3|    1|          3|
    |str_60_address1                        |   5|          3|    5|         15|
    |str_60_ce0                             |   1|          2|    1|          2|
    |str_60_ce1                             |   1|          3|    1|          3|
    |str_61_address1                        |   5|          3|    5|         15|
    |str_61_ce0                             |   1|          2|    1|          2|
    |str_61_ce1                             |   1|          3|    1|          3|
    |str_62_address1                        |   5|          3|    5|         15|
    |str_62_ce0                             |   1|          2|    1|          2|
    |str_62_ce1                             |   1|          3|    1|          3|
    |str_63_address1                        |   5|          3|    5|         15|
    |str_63_ce0                             |   1|          2|    1|          2|
    |str_63_ce1                             |   1|          3|    1|          3|
    |str_64_address1                        |   5|          3|    5|         15|
    |str_64_ce0                             |   1|          2|    1|          2|
    |str_64_ce1                             |   1|          3|    1|          3|
    |str_65_address1                        |   5|          3|    5|         15|
    |str_65_ce0                             |   1|          2|    1|          2|
    |str_65_ce1                             |   1|          3|    1|          3|
    |str_66_address1                        |   5|          3|    5|         15|
    |str_66_ce0                             |   1|          2|    1|          2|
    |str_66_ce1                             |   1|          3|    1|          3|
    |str_67_address1                        |   5|          3|    5|         15|
    |str_67_ce0                             |   1|          2|    1|          2|
    |str_67_ce1                             |   1|          3|    1|          3|
    |str_68_address1                        |   5|          3|    5|         15|
    |str_68_ce0                             |   1|          2|    1|          2|
    |str_68_ce1                             |   1|          3|    1|          3|
    |str_69_address1                        |   5|          3|    5|         15|
    |str_69_ce0                             |   1|          2|    1|          2|
    |str_69_ce1                             |   1|          3|    1|          3|
    |str_6_address1                         |   5|          3|    5|         15|
    |str_6_ce0                              |   1|          2|    1|          2|
    |str_6_ce1                              |   1|          3|    1|          3|
    |str_70_address1                        |   5|          3|    5|         15|
    |str_70_ce0                             |   1|          2|    1|          2|
    |str_70_ce1                             |   1|          3|    1|          3|
    |str_71_address1                        |   5|          3|    5|         15|
    |str_71_ce0                             |   1|          2|    1|          2|
    |str_71_ce1                             |   1|          3|    1|          3|
    |str_72_address1                        |   5|          3|    5|         15|
    |str_72_ce0                             |   1|          2|    1|          2|
    |str_72_ce1                             |   1|          3|    1|          3|
    |str_73_address1                        |   5|          3|    5|         15|
    |str_73_ce0                             |   1|          2|    1|          2|
    |str_73_ce1                             |   1|          3|    1|          3|
    |str_74_address1                        |   5|          3|    5|         15|
    |str_74_ce0                             |   1|          2|    1|          2|
    |str_74_ce1                             |   1|          3|    1|          3|
    |str_75_address1                        |   5|          3|    5|         15|
    |str_75_ce0                             |   1|          2|    1|          2|
    |str_75_ce1                             |   1|          3|    1|          3|
    |str_76_address1                        |   5|          3|    5|         15|
    |str_76_ce0                             |   1|          2|    1|          2|
    |str_76_ce1                             |   1|          3|    1|          3|
    |str_77_address1                        |   5|          3|    5|         15|
    |str_77_ce0                             |   1|          2|    1|          2|
    |str_77_ce1                             |   1|          3|    1|          3|
    |str_78_address1                        |   5|          3|    5|         15|
    |str_78_ce0                             |   1|          2|    1|          2|
    |str_78_ce1                             |   1|          3|    1|          3|
    |str_79_address1                        |   5|          3|    5|         15|
    |str_79_ce0                             |   1|          2|    1|          2|
    |str_79_ce1                             |   1|          3|    1|          3|
    |str_7_address1                         |   5|          3|    5|         15|
    |str_7_ce0                              |   1|          2|    1|          2|
    |str_7_ce1                              |   1|          3|    1|          3|
    |str_80_address1                        |   5|          3|    5|         15|
    |str_80_ce0                             |   1|          2|    1|          2|
    |str_80_ce1                             |   1|          3|    1|          3|
    |str_81_address1                        |   5|          3|    5|         15|
    |str_81_ce0                             |   1|          2|    1|          2|
    |str_81_ce1                             |   1|          3|    1|          3|
    |str_82_address1                        |   5|          3|    5|         15|
    |str_82_ce0                             |   1|          2|    1|          2|
    |str_82_ce1                             |   1|          3|    1|          3|
    |str_83_address1                        |   5|          3|    5|         15|
    |str_83_ce0                             |   1|          2|    1|          2|
    |str_83_ce1                             |   1|          3|    1|          3|
    |str_84_address1                        |   5|          3|    5|         15|
    |str_84_ce0                             |   1|          2|    1|          2|
    |str_84_ce1                             |   1|          3|    1|          3|
    |str_85_address1                        |   5|          3|    5|         15|
    |str_85_ce0                             |   1|          2|    1|          2|
    |str_85_ce1                             |   1|          3|    1|          3|
    |str_86_address1                        |   5|          3|    5|         15|
    |str_86_ce0                             |   1|          2|    1|          2|
    |str_86_ce1                             |   1|          3|    1|          3|
    |str_87_address1                        |   5|          3|    5|         15|
    |str_87_ce0                             |   1|          2|    1|          2|
    |str_87_ce1                             |   1|          3|    1|          3|
    |str_88_address1                        |   5|          3|    5|         15|
    |str_88_ce0                             |   1|          2|    1|          2|
    |str_88_ce1                             |   1|          3|    1|          3|
    |str_89_address1                        |   5|          3|    5|         15|
    |str_89_ce0                             |   1|          2|    1|          2|
    |str_89_ce1                             |   1|          3|    1|          3|
    |str_8_address1                         |   5|          3|    5|         15|
    |str_8_ce0                              |   1|          2|    1|          2|
    |str_8_ce1                              |   1|          3|    1|          3|
    |str_90_address1                        |   5|          3|    5|         15|
    |str_90_ce0                             |   1|          2|    1|          2|
    |str_90_ce1                             |   1|          3|    1|          3|
    |str_91_address1                        |   5|          3|    5|         15|
    |str_91_ce0                             |   1|          2|    1|          2|
    |str_91_ce1                             |   1|          3|    1|          3|
    |str_92_address1                        |   5|          3|    5|         15|
    |str_92_ce0                             |   1|          2|    1|          2|
    |str_92_ce1                             |   1|          3|    1|          3|
    |str_93_address1                        |   5|          3|    5|         15|
    |str_93_ce0                             |   1|          2|    1|          2|
    |str_93_ce1                             |   1|          3|    1|          3|
    |str_94_address1                        |   5|          3|    5|         15|
    |str_94_ce0                             |   1|          2|    1|          2|
    |str_94_ce1                             |   1|          3|    1|          3|
    |str_95_address1                        |   5|          3|    5|         15|
    |str_95_ce0                             |   1|          2|    1|          2|
    |str_95_ce1                             |   1|          3|    1|          3|
    |str_96_address1                        |   5|          3|    5|         15|
    |str_96_ce0                             |   1|          2|    1|          2|
    |str_96_ce1                             |   1|          3|    1|          3|
    |str_97_address1                        |   5|          3|    5|         15|
    |str_97_ce0                             |   1|          2|    1|          2|
    |str_97_ce1                             |   1|          3|    1|          3|
    |str_98_address1                        |   5|          3|    5|         15|
    |str_98_ce0                             |   1|          2|    1|          2|
    |str_98_ce1                             |   1|          3|    1|          3|
    |str_99_address1                        |   5|          3|    5|         15|
    |str_99_ce0                             |   1|          2|    1|          2|
    |str_99_ce1                             |   1|          3|    1|          3|
    |str_9_address1                         |   5|          3|    5|         15|
    |str_9_ce0                              |   1|          2|    1|          2|
    |str_9_ce1                              |   1|          3|    1|          3|
    +---------------------------------------+----+-----------+-----+-----------+
    |Total                                  | 917|       1043|  917|       2607|
    +---------------------------------------+----+-----------+-----+-----------+

    * Register: 
    +--------------------------------------------------+----+----+-----+-----------+
    |                       Name                       | FF | LUT| Bits| Const Bits|
    +--------------------------------------------------+----+----+-----+-----------+
    |ap_CS_fsm                                         |   6|   0|    6|          0|
    |ap_reg_grp_calcHash_rollingHash_fu_2794_ap_start  |   1|   0|    1|          0|
    |ap_reg_ioackin_indicesStream_V_TREADY             |   1|   0|    1|          0|
    |ap_reg_ppiten_pp1_it0                             |   1|   0|    1|          0|
    |ap_reg_ppiten_pp1_it1                             |   1|   0|    1|          0|
    |exitcond_reg_3144                                 |   1|   0|    1|          0|
    |i1_reg_2782                                       |   2|   0|    2|          0|
    |i_1_reg_3148                                      |   2|   0|    2|          0|
    |i_reg_2771                                        |  13|   0|   13|          0|
    |indices_0_reg_3129                                |  32|   0|   32|          0|
    |indices_1_reg_3134                                |  32|   0|   32|          0|
    |indices_2_reg_3139                                |  32|   0|   32|          0|
    +--------------------------------------------------+----+----+-----+-----------+
    |Total                                             | 124|   0|  124|          0|
    +--------------------------------------------------+----+----+-----+-----------+



================================================================
== Interface
================================================================
* Summary: 
+------------------------+-----+-----+------------+-----------------+--------------+
|        RTL Ports       | Dir | Bits|  Protocol  |  Source Object  |    C Type    |
+------------------------+-----+-----+------------+-----------------+--------------+
|ap_clk                  |  in |    1| ap_ctrl_hs |     calcHash    | return value |
|ap_rst_n                |  in |    1| ap_ctrl_hs |     calcHash    | return value |
|ap_start                |  in |    1| ap_ctrl_hs |     calcHash    | return value |
|ap_done                 | out |    1| ap_ctrl_hs |     calcHash    | return value |
|ap_idle                 | out |    1| ap_ctrl_hs |     calcHash    | return value |
|ap_ready                | out |    1| ap_ctrl_hs |     calcHash    | return value |
|strStream_V_TDATA       |  in |    8|    axis    |   strStream_V   |    pointer   |
|strStream_V_TVALID      |  in |    1|    axis    |   strStream_V   |    pointer   |
|strStream_V_TREADY      | out |    1|    axis    |   strStream_V   |    pointer   |
|indicesStream_V_TDATA   | out |   32|    axis    | indicesStream_V |    pointer   |
|indicesStream_V_TVALID  | out |    1|    axis    | indicesStream_V |    pointer   |
|indicesStream_V_TREADY  |  in |    1|    axis    | indicesStream_V |    pointer   |
+------------------------+-----+-----+------------+-----------------+--------------+

