12:22:34 **** Build of configuration Debug for project test ****
make all 
Building file: ../src/main.cc
Invoking: ARM v7 Linux g++ compiler
arm-linux-gnueabihf-g++ -Wall -O0 -g3 -c -fmessage-length=0 -MT"src/main.o" -MMD -MP -MF"src/main.d" -MT"src/main.o" -o "src/main.o" "../src/main.cc"
Finished building: ../src/main.cc
 
Building target: test.elf
Invoking: ARM v7 Linux g++ linker
arm-linux-gnueabihf-g++  -o "test.elf"  ./src/main.o   
Finished building target: test.elf
 
Invoking: ARM v7 Linux Print Size
arm-linux-gnueabihf-size test.elf  |tee "test.elf.size"
   text	   data	    bss	    dec	    hex	filename
   1020	    304	      4	   1328	    530	test.elf
Finished building: test.elf.size
 

12:22:35 Build Finished (took 164ms)

