

================================================================
== Vivado HLS Report for 'dedupDriver'
================================================================
* Date:           Thu Dec  1 21:05:34 2016

* Version:        2016.2 (Build 1577090 on Thu Jun 02 16:59:10 MDT 2016)
* Project:        DedupHWMod_HLS
* Solution:       Dedup
* Product family: zynq
* Target device:  xc7z020clg484-1


================================================================
== Performance Estimates
================================================================
+ Timing (ns): 
    * Summary: 
    +--------+-------+----------+------------+
    |  Clock | Target| Estimated| Uncertainty|
    +--------+-------+----------+------------+
    |ap_clk  |  10.00|      8.52|        1.25|
    +--------+-------+----------+------------+

+ Latency (clock cycles): 
    * Summary: 
    +-------+-------+-------+-------+---------+
    |    Latency    |    Interval   | Pipeline|
    |  min  |  max  |  min  |  max  |   Type  |
    +-------+-------+-------+-------+---------+
    |  16938|  49488|  16939|  49489|   none  |
    +-------+-------+-------+-------+---------+

    + Detail: 
        * Instance: 
        +------------------------------------+------------------------+------+------+------+------+---------+
        |                                    |                        |   Latency   |   Interval  | Pipeline|
        |              Instance              |         Module         |  min |  max |  min |  max |   Type  |
        +------------------------------------+------------------------+------+------+------+------+---------+
        |grp_dedupDriver_calcHash_fu_2858    |dedupDriver_calcHash    |  8714|  8714|  8714|  8714|   none  |
        |grp_dedupDriver_murmurhash_fu_2991  |dedupDriver_murmurhash  |    26|  4649|    26|  4649|   none  |
        +------------------------------------+------------------------+------+------+------+------+---------+

        * Loop: 
        +------------------+------+-------+----------+-----------+-----------+------+----------+
        |                  |    Latency   | Iteration|  Initiation Interval  | Trip |          |
        |     Loop Name    |  min |  max  |  Latency |  achieved |   target  | Count| Pipelined|
        +------------------+------+-------+----------+-----------+-----------+------+----------+
        |- memset_indices  |     6|      6|         1|          -|          -|     7|    no    |
        |- readStream      |  8192|   8192|         1|          1|          1|  8192|    yes   |
        |- Loop 3          |    21|  32571| 3 ~ 4653 |          -|          -|     7|    no    |
        +------------------+------+-------+----------+-----------+-----------+------+----------+



================================================================
== Utilization Estimates
================================================================
* Summary: 
+-----------------+---------+-------+--------+-------+
|       Name      | BRAM_18K| DSP48E|   FF   |  LUT  |
+-----------------+---------+-------+--------+-------+
|DSP              |        -|      -|       -|      -|
|Expression       |        -|      -|       0|     70|
|FIFO             |        -|      -|       -|      -|
|Instance         |      260|     28|    1084|  10293|
|Memory           |        1|      -|    1024|   2048|
|Multiplexer      |        -|      -|       -|   1915|
|Register         |        -|      -|     171|      -|
+-----------------+---------+-------+--------+-------+
|Total            |      261|     28|    2279|  14326|
+-----------------+---------+-------+--------+-------+
|Available        |      280|    220|  106400|  53200|
+-----------------+---------+-------+--------+-------+
|Utilization (%)  |       93|     12|       2|     26|
+-----------------+---------+-------+--------+-------+

+ Detail: 
    * Instance: 
    +------------------------------------+----------------------------+---------+-------+-----+------+
    |              Instance              |           Module           | BRAM_18K| DSP48E|  FF |  LUT |
    +------------------------------------+----------------------------+---------+-------+-----+------+
    |dedupDriver_AXILiteS_s_axi_U        |dedupDriver_AXILiteS_s_axi  |        0|      0|   36|    40|
    |grp_dedupDriver_calcHash_fu_2858    |dedupDriver_calcHash        |      256|      0|  393|  5490|
    |grp_dedupDriver_murmurhash_fu_2991  |dedupDriver_murmurhash      |        4|     28|  655|  4763|
    +------------------------------------+----------------------------+---------+-------+-----+------+
    |Total                               |                            |      260|     28| 1084| 10293|
    +------------------------------------+----------------------------+---------+-------+-----+------+

    * DSP48: 
    N/A

    * Memory: 
    +--------------+----------------------+---------+----+----+------+-----+------+-------------+
    |    Memory    |        Module        | BRAM_18K| FF | LUT| Words| Bits| Banks| W*Bits*Banks|
    +--------------+----------------------+---------+----+----+------+-----+------+-------------+
    |buffer_0_U    |dedupDriver_buffer_0  |        0|   8|  16|    64|    8|     1|          512|
    |buffer_1_U    |dedupDriver_buffer_0  |        0|   8|  16|    64|    8|     1|          512|
    |buffer_2_U    |dedupDriver_buffer_0  |        0|   8|  16|    64|    8|     1|          512|
    |buffer_3_U    |dedupDriver_buffer_0  |        0|   8|  16|    64|    8|     1|          512|
    |buffer_4_U    |dedupDriver_buffer_0  |        0|   8|  16|    64|    8|     1|          512|
    |buffer_5_U    |dedupDriver_buffer_0  |        0|   8|  16|    64|    8|     1|          512|
    |buffer_6_U    |dedupDriver_buffer_0  |        0|   8|  16|    64|    8|     1|          512|
    |buffer_7_U    |dedupDriver_buffer_0  |        0|   8|  16|    64|    8|     1|          512|
    |buffer_8_U    |dedupDriver_buffer_0  |        0|   8|  16|    64|    8|     1|          512|
    |buffer_9_U    |dedupDriver_buffer_0  |        0|   8|  16|    64|    8|     1|          512|
    |buffer_10_U   |dedupDriver_buffer_0  |        0|   8|  16|    64|    8|     1|          512|
    |buffer_11_U   |dedupDriver_buffer_0  |        0|   8|  16|    64|    8|     1|          512|
    |buffer_12_U   |dedupDriver_buffer_0  |        0|   8|  16|    64|    8|     1|          512|
    |buffer_13_U   |dedupDriver_buffer_0  |        0|   8|  16|    64|    8|     1|          512|
    |buffer_14_U   |dedupDriver_buffer_0  |        0|   8|  16|    64|    8|     1|          512|
    |buffer_15_U   |dedupDriver_buffer_0  |        0|   8|  16|    64|    8|     1|          512|
    |buffer_16_U   |dedupDriver_buffer_0  |        0|   8|  16|    64|    8|     1|          512|
    |buffer_17_U   |dedupDriver_buffer_0  |        0|   8|  16|    64|    8|     1|          512|
    |buffer_18_U   |dedupDriver_buffer_0  |        0|   8|  16|    64|    8|     1|          512|
    |buffer_19_U   |dedupDriver_buffer_0  |        0|   8|  16|    64|    8|     1|          512|
    |buffer_20_U   |dedupDriver_buffer_0  |        0|   8|  16|    64|    8|     1|          512|
    |buffer_21_U   |dedupDriver_buffer_0  |        0|   8|  16|    64|    8|     1|          512|
    |buffer_22_U   |dedupDriver_buffer_0  |        0|   8|  16|    64|    8|     1|          512|
    |buffer_23_U   |dedupDriver_buffer_0  |        0|   8|  16|    64|    8|     1|          512|
    |buffer_24_U   |dedupDriver_buffer_0  |        0|   8|  16|    64|    8|     1|          512|
    |buffer_25_U   |dedupDriver_buffer_0  |        0|   8|  16|    64|    8|     1|          512|
    |buffer_26_U   |dedupDriver_buffer_0  |        0|   8|  16|    64|    8|     1|          512|
    |buffer_27_U   |dedupDriver_buffer_0  |        0|   8|  16|    64|    8|     1|          512|
    |buffer_28_U   |dedupDriver_buffer_0  |        0|   8|  16|    64|    8|     1|          512|
    |buffer_29_U   |dedupDriver_buffer_0  |        0|   8|  16|    64|    8|     1|          512|
    |buffer_30_U   |dedupDriver_buffer_0  |        0|   8|  16|    64|    8|     1|          512|
    |buffer_31_U   |dedupDriver_buffer_0  |        0|   8|  16|    64|    8|     1|          512|
    |buffer_32_U   |dedupDriver_buffer_0  |        0|   8|  16|    64|    8|     1|          512|
    |buffer_33_U   |dedupDriver_buffer_0  |        0|   8|  16|    64|    8|     1|          512|
    |buffer_34_U   |dedupDriver_buffer_0  |        0|   8|  16|    64|    8|     1|          512|
    |buffer_35_U   |dedupDriver_buffer_0  |        0|   8|  16|    64|    8|     1|          512|
    |buffer_36_U   |dedupDriver_buffer_0  |        0|   8|  16|    64|    8|     1|          512|
    |buffer_37_U   |dedupDriver_buffer_0  |        0|   8|  16|    64|    8|     1|          512|
    |buffer_38_U   |dedupDriver_buffer_0  |        0|   8|  16|    64|    8|     1|          512|
    |buffer_39_U   |dedupDriver_buffer_0  |        0|   8|  16|    64|    8|     1|          512|
    |buffer_40_U   |dedupDriver_buffer_0  |        0|   8|  16|    64|    8|     1|          512|
    |buffer_41_U   |dedupDriver_buffer_0  |        0|   8|  16|    64|    8|     1|          512|
    |buffer_42_U   |dedupDriver_buffer_0  |        0|   8|  16|    64|    8|     1|          512|
    |buffer_43_U   |dedupDriver_buffer_0  |        0|   8|  16|    64|    8|     1|          512|
    |buffer_44_U   |dedupDriver_buffer_0  |        0|   8|  16|    64|    8|     1|          512|
    |buffer_45_U   |dedupDriver_buffer_0  |        0|   8|  16|    64|    8|     1|          512|
    |buffer_46_U   |dedupDriver_buffer_0  |        0|   8|  16|    64|    8|     1|          512|
    |buffer_47_U   |dedupDriver_buffer_0  |        0|   8|  16|    64|    8|     1|          512|
    |buffer_48_U   |dedupDriver_buffer_0  |        0|   8|  16|    64|    8|     1|          512|
    |buffer_49_U   |dedupDriver_buffer_0  |        0|   8|  16|    64|    8|     1|          512|
    |buffer_50_U   |dedupDriver_buffer_0  |        0|   8|  16|    64|    8|     1|          512|
    |buffer_51_U   |dedupDriver_buffer_0  |        0|   8|  16|    64|    8|     1|          512|
    |buffer_52_U   |dedupDriver_buffer_0  |        0|   8|  16|    64|    8|     1|          512|
    |buffer_53_U   |dedupDriver_buffer_0  |        0|   8|  16|    64|    8|     1|          512|
    |buffer_54_U   |dedupDriver_buffer_0  |        0|   8|  16|    64|    8|     1|          512|
    |buffer_55_U   |dedupDriver_buffer_0  |        0|   8|  16|    64|    8|     1|          512|
    |buffer_56_U   |dedupDriver_buffer_0  |        0|   8|  16|    64|    8|     1|          512|
    |buffer_57_U   |dedupDriver_buffer_0  |        0|   8|  16|    64|    8|     1|          512|
    |buffer_58_U   |dedupDriver_buffer_0  |        0|   8|  16|    64|    8|     1|          512|
    |buffer_59_U   |dedupDriver_buffer_0  |        0|   8|  16|    64|    8|     1|          512|
    |buffer_60_U   |dedupDriver_buffer_0  |        0|   8|  16|    64|    8|     1|          512|
    |buffer_61_U   |dedupDriver_buffer_0  |        0|   8|  16|    64|    8|     1|          512|
    |buffer_62_U   |dedupDriver_buffer_0  |        0|   8|  16|    64|    8|     1|          512|
    |buffer_63_U   |dedupDriver_buffer_0  |        0|   8|  16|    64|    8|     1|          512|
    |buffer_64_U   |dedupDriver_buffer_0  |        0|   8|  16|    64|    8|     1|          512|
    |buffer_65_U   |dedupDriver_buffer_0  |        0|   8|  16|    64|    8|     1|          512|
    |buffer_66_U   |dedupDriver_buffer_0  |        0|   8|  16|    64|    8|     1|          512|
    |buffer_67_U   |dedupDriver_buffer_0  |        0|   8|  16|    64|    8|     1|          512|
    |buffer_68_U   |dedupDriver_buffer_0  |        0|   8|  16|    64|    8|     1|          512|
    |buffer_69_U   |dedupDriver_buffer_0  |        0|   8|  16|    64|    8|     1|          512|
    |buffer_70_U   |dedupDriver_buffer_0  |        0|   8|  16|    64|    8|     1|          512|
    |buffer_71_U   |dedupDriver_buffer_0  |        0|   8|  16|    64|    8|     1|          512|
    |buffer_72_U   |dedupDriver_buffer_0  |        0|   8|  16|    64|    8|     1|          512|
    |buffer_73_U   |dedupDriver_buffer_0  |        0|   8|  16|    64|    8|     1|          512|
    |buffer_74_U   |dedupDriver_buffer_0  |        0|   8|  16|    64|    8|     1|          512|
    |buffer_75_U   |dedupDriver_buffer_0  |        0|   8|  16|    64|    8|     1|          512|
    |buffer_76_U   |dedupDriver_buffer_0  |        0|   8|  16|    64|    8|     1|          512|
    |buffer_77_U   |dedupDriver_buffer_0  |        0|   8|  16|    64|    8|     1|          512|
    |buffer_78_U   |dedupDriver_buffer_0  |        0|   8|  16|    64|    8|     1|          512|
    |buffer_79_U   |dedupDriver_buffer_0  |        0|   8|  16|    64|    8|     1|          512|
    |buffer_80_U   |dedupDriver_buffer_0  |        0|   8|  16|    64|    8|     1|          512|
    |buffer_81_U   |dedupDriver_buffer_0  |        0|   8|  16|    64|    8|     1|          512|
    |buffer_82_U   |dedupDriver_buffer_0  |        0|   8|  16|    64|    8|     1|          512|
    |buffer_83_U   |dedupDriver_buffer_0  |        0|   8|  16|    64|    8|     1|          512|
    |buffer_84_U   |dedupDriver_buffer_0  |        0|   8|  16|    64|    8|     1|          512|
    |buffer_85_U   |dedupDriver_buffer_0  |        0|   8|  16|    64|    8|     1|          512|
    |buffer_86_U   |dedupDriver_buffer_0  |        0|   8|  16|    64|    8|     1|          512|
    |buffer_87_U   |dedupDriver_buffer_0  |        0|   8|  16|    64|    8|     1|          512|
    |buffer_88_U   |dedupDriver_buffer_0  |        0|   8|  16|    64|    8|     1|          512|
    |buffer_89_U   |dedupDriver_buffer_0  |        0|   8|  16|    64|    8|     1|          512|
    |buffer_90_U   |dedupDriver_buffer_0  |        0|   8|  16|    64|    8|     1|          512|
    |buffer_91_U   |dedupDriver_buffer_0  |        0|   8|  16|    64|    8|     1|          512|
    |buffer_92_U   |dedupDriver_buffer_0  |        0|   8|  16|    64|    8|     1|          512|
    |buffer_93_U   |dedupDriver_buffer_0  |        0|   8|  16|    64|    8|     1|          512|
    |buffer_94_U   |dedupDriver_buffer_0  |        0|   8|  16|    64|    8|     1|          512|
    |buffer_95_U   |dedupDriver_buffer_0  |        0|   8|  16|    64|    8|     1|          512|
    |buffer_96_U   |dedupDriver_buffer_0  |        0|   8|  16|    64|    8|     1|          512|
    |buffer_97_U   |dedupDriver_buffer_0  |        0|   8|  16|    64|    8|     1|          512|
    |buffer_98_U   |dedupDriver_buffer_0  |        0|   8|  16|    64|    8|     1|          512|
    |buffer_99_U   |dedupDriver_buffer_0  |        0|   8|  16|    64|    8|     1|          512|
    |buffer_100_U  |dedupDriver_buffer_0  |        0|   8|  16|    64|    8|     1|          512|
    |buffer_101_U  |dedupDriver_buffer_0  |        0|   8|  16|    64|    8|     1|          512|
    |buffer_102_U  |dedupDriver_buffer_0  |        0|   8|  16|    64|    8|     1|          512|
    |buffer_103_U  |dedupDriver_buffer_0  |        0|   8|  16|    64|    8|     1|          512|
    |buffer_104_U  |dedupDriver_buffer_0  |        0|   8|  16|    64|    8|     1|          512|
    |buffer_105_U  |dedupDriver_buffer_0  |        0|   8|  16|    64|    8|     1|          512|
    |buffer_106_U  |dedupDriver_buffer_0  |        0|   8|  16|    64|    8|     1|          512|
    |buffer_107_U  |dedupDriver_buffer_0  |        0|   8|  16|    64|    8|     1|          512|
    |buffer_108_U  |dedupDriver_buffer_0  |        0|   8|  16|    64|    8|     1|          512|
    |buffer_109_U  |dedupDriver_buffer_0  |        0|   8|  16|    64|    8|     1|          512|
    |buffer_110_U  |dedupDriver_buffer_0  |        0|   8|  16|    64|    8|     1|          512|
    |buffer_111_U  |dedupDriver_buffer_0  |        0|   8|  16|    64|    8|     1|          512|
    |buffer_112_U  |dedupDriver_buffer_0  |        0|   8|  16|    64|    8|     1|          512|
    |buffer_113_U  |dedupDriver_buffer_0  |        0|   8|  16|    64|    8|     1|          512|
    |buffer_114_U  |dedupDriver_buffer_0  |        0|   8|  16|    64|    8|     1|          512|
    |buffer_115_U  |dedupDriver_buffer_0  |        0|   8|  16|    64|    8|     1|          512|
    |buffer_116_U  |dedupDriver_buffer_0  |        0|   8|  16|    64|    8|     1|          512|
    |buffer_117_U  |dedupDriver_buffer_0  |        0|   8|  16|    64|    8|     1|          512|
    |buffer_118_U  |dedupDriver_buffer_0  |        0|   8|  16|    64|    8|     1|          512|
    |buffer_119_U  |dedupDriver_buffer_0  |        0|   8|  16|    64|    8|     1|          512|
    |buffer_120_U  |dedupDriver_buffer_0  |        0|   8|  16|    64|    8|     1|          512|
    |buffer_121_U  |dedupDriver_buffer_0  |        0|   8|  16|    64|    8|     1|          512|
    |buffer_122_U  |dedupDriver_buffer_0  |        0|   8|  16|    64|    8|     1|          512|
    |buffer_123_U  |dedupDriver_buffer_0  |        0|   8|  16|    64|    8|     1|          512|
    |buffer_124_U  |dedupDriver_buffer_0  |        0|   8|  16|    64|    8|     1|          512|
    |buffer_125_U  |dedupDriver_buffer_0  |        0|   8|  16|    64|    8|     1|          512|
    |buffer_126_U  |dedupDriver_buffer_0  |        0|   8|  16|    64|    8|     1|          512|
    |buffer_127_U  |dedupDriver_buffer_0  |        0|   8|  16|    64|    8|     1|          512|
    |indices_U     |dedupDriver_indices   |        1|   0|   0|     7|   13|     1|           91|
    +--------------+----------------------+---------+----+----+------+-----+------+-------------+
    |Total         |                      |        1|1024|2048|  8199| 1037|   129|        65627|
    +--------------+----------------------+---------+----+----+------+-----+------+-------------+

    * FIFO: 
    N/A

    * Expression: 
    +----------------------+----------+-------+---+----+------------+------------+
    |     Variable Name    | Operation| DSP48E| FF| LUT| Bitwidth P0| Bitwidth P1|
    +----------------------+----------+-------+---+----+------------+------------+
    |i_5_fu_3148_p2        |     +    |      0|  0|  14|          14|           1|
    |i_6_fu_3311_p2        |     +    |      0|  0|   3|           3|           1|
    |indvarinc_fu_3125_p2  |     +    |      0|  0|   3|           3|           1|
    |dataLen_fu_3336_p2    |     -    |      0|  0|  32|          32|          32|
    |ap_sig_111            |    and   |      0|  0|   1|           1|           1|
    |exitcond1_fu_3142_p2  |   icmp   |      0|  0|   6|          14|          15|
    |exitcond_fu_3305_p2   |   icmp   |      0|  0|   2|           3|           2|
    |outputData_TLAST      |   icmp   |      0|  0|   2|           3|           3|
    |tmp_36_fu_3326_p2     |   icmp   |      0|  0|   5|          13|           1|
    |tmp_s_fu_3136_p2      |   icmp   |      0|  0|   2|           3|           3|
    +----------------------+----------+-------+---+----+------------+------------+
    |Total                 |          |      0|  0|  70|          89|          60|
    +----------------------+----------+-------+---+----+------------+------------+

    * Multiplexer: 
    +----------------------------------+----+-----------+-----+-----------+
    |               Name               | LUT| Input Size| Bits| Total Bits|
    +----------------------------------+----+-----------+-----+-----------+
    |ap_NS_fsm                         |   4|         10|    1|         10|
    |ap_sig_ioackin_outputData_TREADY  |   1|          2|    1|          2|
    |buffer_0_address0                 |   6|          3|    6|         18|
    |buffer_0_address1                 |   6|          4|    6|         24|
    |buffer_0_ce0                      |   1|          3|    1|          3|
    |buffer_0_ce1                      |   1|          4|    1|          4|
    |buffer_100_address0               |   6|          3|    6|         18|
    |buffer_100_address1               |   6|          4|    6|         24|
    |buffer_100_ce0                    |   1|          3|    1|          3|
    |buffer_100_ce1                    |   1|          4|    1|          4|
    |buffer_101_address0               |   6|          3|    6|         18|
    |buffer_101_address1               |   6|          4|    6|         24|
    |buffer_101_ce0                    |   1|          3|    1|          3|
    |buffer_101_ce1                    |   1|          4|    1|          4|
    |buffer_102_address0               |   6|          3|    6|         18|
    |buffer_102_address1               |   6|          4|    6|         24|
    |buffer_102_ce0                    |   1|          3|    1|          3|
    |buffer_102_ce1                    |   1|          4|    1|          4|
    |buffer_103_address0               |   6|          3|    6|         18|
    |buffer_103_address1               |   6|          4|    6|         24|
    |buffer_103_ce0                    |   1|          3|    1|          3|
    |buffer_103_ce1                    |   1|          4|    1|          4|
    |buffer_104_address0               |   6|          3|    6|         18|
    |buffer_104_address1               |   6|          4|    6|         24|
    |buffer_104_ce0                    |   1|          3|    1|          3|
    |buffer_104_ce1                    |   1|          4|    1|          4|
    |buffer_105_address0               |   6|          3|    6|         18|
    |buffer_105_address1               |   6|          4|    6|         24|
    |buffer_105_ce0                    |   1|          3|    1|          3|
    |buffer_105_ce1                    |   1|          4|    1|          4|
    |buffer_106_address0               |   6|          3|    6|         18|
    |buffer_106_address1               |   6|          4|    6|         24|
    |buffer_106_ce0                    |   1|          3|    1|          3|
    |buffer_106_ce1                    |   1|          4|    1|          4|
    |buffer_107_address0               |   6|          3|    6|         18|
    |buffer_107_address1               |   6|          4|    6|         24|
    |buffer_107_ce0                    |   1|          3|    1|          3|
    |buffer_107_ce1                    |   1|          4|    1|          4|
    |buffer_108_address0               |   6|          3|    6|         18|
    |buffer_108_address1               |   6|          4|    6|         24|
    |buffer_108_ce0                    |   1|          3|    1|          3|
    |buffer_108_ce1                    |   1|          4|    1|          4|
    |buffer_109_address0               |   6|          3|    6|         18|
    |buffer_109_address1               |   6|          4|    6|         24|
    |buffer_109_ce0                    |   1|          3|    1|          3|
    |buffer_109_ce1                    |   1|          4|    1|          4|
    |buffer_10_address0                |   6|          3|    6|         18|
    |buffer_10_address1                |   6|          4|    6|         24|
    |buffer_10_ce0                     |   1|          3|    1|          3|
    |buffer_10_ce1                     |   1|          4|    1|          4|
    |buffer_110_address0               |   6|          3|    6|         18|
    |buffer_110_address1               |   6|          4|    6|         24|
    |buffer_110_ce0                    |   1|          3|    1|          3|
    |buffer_110_ce1                    |   1|          4|    1|          4|
    |buffer_111_address0               |   6|          3|    6|         18|
    |buffer_111_address1               |   6|          4|    6|         24|
    |buffer_111_ce0                    |   1|          3|    1|          3|
    |buffer_111_ce1                    |   1|          4|    1|          4|
    |buffer_112_address0               |   6|          3|    6|         18|
    |buffer_112_address1               |   6|          4|    6|         24|
    |buffer_112_ce0                    |   1|          3|    1|          3|
    |buffer_112_ce1                    |   1|          4|    1|          4|
    |buffer_113_address0               |   6|          3|    6|         18|
    |buffer_113_address1               |   6|          4|    6|         24|
    |buffer_113_ce0                    |   1|          3|    1|          3|
    |buffer_113_ce1                    |   1|          4|    1|          4|
    |buffer_114_address0               |   6|          3|    6|         18|
    |buffer_114_address1               |   6|          4|    6|         24|
    |buffer_114_ce0                    |   1|          3|    1|          3|
    |buffer_114_ce1                    |   1|          4|    1|          4|
    |buffer_115_address0               |   6|          3|    6|         18|
    |buffer_115_address1               |   6|          4|    6|         24|
    |buffer_115_ce0                    |   1|          3|    1|          3|
    |buffer_115_ce1                    |   1|          4|    1|          4|
    |buffer_116_address0               |   6|          3|    6|         18|
    |buffer_116_address1               |   6|          4|    6|         24|
    |buffer_116_ce0                    |   1|          3|    1|          3|
    |buffer_116_ce1                    |   1|          4|    1|          4|
    |buffer_117_address0               |   6|          3|    6|         18|
    |buffer_117_address1               |   6|          4|    6|         24|
    |buffer_117_ce0                    |   1|          3|    1|          3|
    |buffer_117_ce1                    |   1|          4|    1|          4|
    |buffer_118_address0               |   6|          3|    6|         18|
    |buffer_118_address1               |   6|          4|    6|         24|
    |buffer_118_ce0                    |   1|          3|    1|          3|
    |buffer_118_ce1                    |   1|          4|    1|          4|
    |buffer_119_address0               |   6|          3|    6|         18|
    |buffer_119_address1               |   6|          4|    6|         24|
    |buffer_119_ce0                    |   1|          3|    1|          3|
    |buffer_119_ce1                    |   1|          4|    1|          4|
    |buffer_11_address0                |   6|          3|    6|         18|
    |buffer_11_address1                |   6|          4|    6|         24|
    |buffer_11_ce0                     |   1|          3|    1|          3|
    |buffer_11_ce1                     |   1|          4|    1|          4|
    |buffer_120_address0               |   6|          3|    6|         18|
    |buffer_120_address1               |   6|          4|    6|         24|
    |buffer_120_ce0                    |   1|          3|    1|          3|
    |buffer_120_ce1                    |   1|          4|    1|          4|
    |buffer_121_address0               |   6|          3|    6|         18|
    |buffer_121_address1               |   6|          4|    6|         24|
    |buffer_121_ce0                    |   1|          3|    1|          3|
    |buffer_121_ce1                    |   1|          4|    1|          4|
    |buffer_122_address0               |   6|          3|    6|         18|
    |buffer_122_address1               |   6|          4|    6|         24|
    |buffer_122_ce0                    |   1|          3|    1|          3|
    |buffer_122_ce1                    |   1|          4|    1|          4|
    |buffer_123_address0               |   6|          3|    6|         18|
    |buffer_123_address1               |   6|          4|    6|         24|
    |buffer_123_ce0                    |   1|          3|    1|          3|
    |buffer_123_ce1                    |   1|          4|    1|          4|
    |buffer_124_address0               |   6|          3|    6|         18|
    |buffer_124_address1               |   6|          4|    6|         24|
    |buffer_124_ce0                    |   1|          3|    1|          3|
    |buffer_124_ce1                    |   1|          4|    1|          4|
    |buffer_125_address0               |   6|          3|    6|         18|
    |buffer_125_address1               |   6|          4|    6|         24|
    |buffer_125_ce0                    |   1|          3|    1|          3|
    |buffer_125_ce1                    |   1|          4|    1|          4|
    |buffer_126_address0               |   6|          3|    6|         18|
    |buffer_126_address1               |   6|          4|    6|         24|
    |buffer_126_ce0                    |   1|          3|    1|          3|
    |buffer_126_ce1                    |   1|          4|    1|          4|
    |buffer_127_address0               |   6|          3|    6|         18|
    |buffer_127_address1               |   6|          4|    6|         24|
    |buffer_127_ce0                    |   1|          3|    1|          3|
    |buffer_127_ce1                    |   1|          4|    1|          4|
    |buffer_12_address0                |   6|          3|    6|         18|
    |buffer_12_address1                |   6|          4|    6|         24|
    |buffer_12_ce0                     |   1|          3|    1|          3|
    |buffer_12_ce1                     |   1|          4|    1|          4|
    |buffer_13_address0                |   6|          3|    6|         18|
    |buffer_13_address1                |   6|          4|    6|         24|
    |buffer_13_ce0                     |   1|          3|    1|          3|
    |buffer_13_ce1                     |   1|          4|    1|          4|
    |buffer_14_address0                |   6|          3|    6|         18|
    |buffer_14_address1                |   6|          4|    6|         24|
    |buffer_14_ce0                     |   1|          3|    1|          3|
    |buffer_14_ce1                     |   1|          4|    1|          4|
    |buffer_15_address0                |   6|          3|    6|         18|
    |buffer_15_address1                |   6|          4|    6|         24|
    |buffer_15_ce0                     |   1|          3|    1|          3|
    |buffer_15_ce1                     |   1|          4|    1|          4|
    |buffer_16_address0                |   6|          3|    6|         18|
    |buffer_16_address1                |   6|          4|    6|         24|
    |buffer_16_ce0                     |   1|          3|    1|          3|
    |buffer_16_ce1                     |   1|          4|    1|          4|
    |buffer_17_address0                |   6|          3|    6|         18|
    |buffer_17_address1                |   6|          4|    6|         24|
    |buffer_17_ce0                     |   1|          3|    1|          3|
    |buffer_17_ce1                     |   1|          4|    1|          4|
    |buffer_18_address0                |   6|          3|    6|         18|
    |buffer_18_address1                |   6|          4|    6|         24|
    |buffer_18_ce0                     |   1|          3|    1|          3|
    |buffer_18_ce1                     |   1|          4|    1|          4|
    |buffer_19_address0                |   6|          3|    6|         18|
    |buffer_19_address1                |   6|          4|    6|         24|
    |buffer_19_ce0                     |   1|          3|    1|          3|
    |buffer_19_ce1                     |   1|          4|    1|          4|
    |buffer_1_address0                 |   6|          3|    6|         18|
    |buffer_1_address1                 |   6|          4|    6|         24|
    |buffer_1_ce0                      |   1|          3|    1|          3|
    |buffer_1_ce1                      |   1|          4|    1|          4|
    |buffer_20_address0                |   6|          3|    6|         18|
    |buffer_20_address1                |   6|          4|    6|         24|
    |buffer_20_ce0                     |   1|          3|    1|          3|
    |buffer_20_ce1                     |   1|          4|    1|          4|
    |buffer_21_address0                |   6|          3|    6|         18|
    |buffer_21_address1                |   6|          4|    6|         24|
    |buffer_21_ce0                     |   1|          3|    1|          3|
    |buffer_21_ce1                     |   1|          4|    1|          4|
    |buffer_22_address0                |   6|          3|    6|         18|
    |buffer_22_address1                |   6|          4|    6|         24|
    |buffer_22_ce0                     |   1|          3|    1|          3|
    |buffer_22_ce1                     |   1|          4|    1|          4|
    |buffer_23_address0                |   6|          3|    6|         18|
    |buffer_23_address1                |   6|          4|    6|         24|
    |buffer_23_ce0                     |   1|          3|    1|          3|
    |buffer_23_ce1                     |   1|          4|    1|          4|
    |buffer_24_address0                |   6|          3|    6|         18|
    |buffer_24_address1                |   6|          4|    6|         24|
    |buffer_24_ce0                     |   1|          3|    1|          3|
    |buffer_24_ce1                     |   1|          4|    1|          4|
    |buffer_25_address0                |   6|          3|    6|         18|
    |buffer_25_address1                |   6|          4|    6|         24|
    |buffer_25_ce0                     |   1|          3|    1|          3|
    |buffer_25_ce1                     |   1|          4|    1|          4|
    |buffer_26_address0                |   6|          3|    6|         18|
    |buffer_26_address1                |   6|          4|    6|         24|
    |buffer_26_ce0                     |   1|          3|    1|          3|
    |buffer_26_ce1                     |   1|          4|    1|          4|
    |buffer_27_address0                |   6|          3|    6|         18|
    |buffer_27_address1                |   6|          4|    6|         24|
    |buffer_27_ce0                     |   1|          3|    1|          3|
    |buffer_27_ce1                     |   1|          4|    1|          4|
    |buffer_28_address0                |   6|          3|    6|         18|
    |buffer_28_address1                |   6|          4|    6|         24|
    |buffer_28_ce0                     |   1|          3|    1|          3|
    |buffer_28_ce1                     |   1|          4|    1|          4|
    |buffer_29_address0                |   6|          3|    6|         18|
    |buffer_29_address1                |   6|          4|    6|         24|
    |buffer_29_ce0                     |   1|          3|    1|          3|
    |buffer_29_ce1                     |   1|          4|    1|          4|
    |buffer_2_address0                 |   6|          3|    6|         18|
    |buffer_2_address1                 |   6|          4|    6|         24|
    |buffer_2_ce0                      |   1|          3|    1|          3|
    |buffer_2_ce1                      |   1|          4|    1|          4|
    |buffer_30_address0                |   6|          3|    6|         18|
    |buffer_30_address1                |   6|          4|    6|         24|
    |buffer_30_ce0                     |   1|          3|    1|          3|
    |buffer_30_ce1                     |   1|          4|    1|          4|
    |buffer_31_address0                |   6|          3|    6|         18|
    |buffer_31_address1                |   6|          4|    6|         24|
    |buffer_31_ce0                     |   1|          3|    1|          3|
    |buffer_31_ce1                     |   1|          4|    1|          4|
    |buffer_32_address0                |   6|          3|    6|         18|
    |buffer_32_address1                |   6|          4|    6|         24|
    |buffer_32_ce0                     |   1|          3|    1|          3|
    |buffer_32_ce1                     |   1|          4|    1|          4|
    |buffer_33_address0                |   6|          3|    6|         18|
    |buffer_33_address1                |   6|          4|    6|         24|
    |buffer_33_ce0                     |   1|          3|    1|          3|
    |buffer_33_ce1                     |   1|          4|    1|          4|
    |buffer_34_address0                |   6|          3|    6|         18|
    |buffer_34_address1                |   6|          4|    6|         24|
    |buffer_34_ce0                     |   1|          3|    1|          3|
    |buffer_34_ce1                     |   1|          4|    1|          4|
    |buffer_35_address0                |   6|          3|    6|         18|
    |buffer_35_address1                |   6|          4|    6|         24|
    |buffer_35_ce0                     |   1|          3|    1|          3|
    |buffer_35_ce1                     |   1|          4|    1|          4|
    |buffer_36_address0                |   6|          3|    6|         18|
    |buffer_36_address1                |   6|          4|    6|         24|
    |buffer_36_ce0                     |   1|          3|    1|          3|
    |buffer_36_ce1                     |   1|          4|    1|          4|
    |buffer_37_address0                |   6|          3|    6|         18|
    |buffer_37_address1                |   6|          4|    6|         24|
    |buffer_37_ce0                     |   1|          3|    1|          3|
    |buffer_37_ce1                     |   1|          4|    1|          4|
    |buffer_38_address0                |   6|          3|    6|         18|
    |buffer_38_address1                |   6|          4|    6|         24|
    |buffer_38_ce0                     |   1|          3|    1|          3|
    |buffer_38_ce1                     |   1|          4|    1|          4|
    |buffer_39_address0                |   6|          3|    6|         18|
    |buffer_39_address1                |   6|          4|    6|         24|
    |buffer_39_ce0                     |   1|          3|    1|          3|
    |buffer_39_ce1                     |   1|          4|    1|          4|
    |buffer_3_address0                 |   6|          3|    6|         18|
    |buffer_3_address1                 |   6|          4|    6|         24|
    |buffer_3_ce0                      |   1|          3|    1|          3|
    |buffer_3_ce1                      |   1|          4|    1|          4|
    |buffer_40_address0                |   6|          3|    6|         18|
    |buffer_40_address1                |   6|          4|    6|         24|
    |buffer_40_ce0                     |   1|          3|    1|          3|
    |buffer_40_ce1                     |   1|          4|    1|          4|
    |buffer_41_address0                |   6|          3|    6|         18|
    |buffer_41_address1                |   6|          4|    6|         24|
    |buffer_41_ce0                     |   1|          3|    1|          3|
    |buffer_41_ce1                     |   1|          4|    1|          4|
    |buffer_42_address0                |   6|          3|    6|         18|
    |buffer_42_address1                |   6|          4|    6|         24|
    |buffer_42_ce0                     |   1|          3|    1|          3|
    |buffer_42_ce1                     |   1|          4|    1|          4|
    |buffer_43_address0                |   6|          3|    6|         18|
    |buffer_43_address1                |   6|          4|    6|         24|
    |buffer_43_ce0                     |   1|          3|    1|          3|
    |buffer_43_ce1                     |   1|          4|    1|          4|
    |buffer_44_address0                |   6|          3|    6|         18|
    |buffer_44_address1                |   6|          4|    6|         24|
    |buffer_44_ce0                     |   1|          3|    1|          3|
    |buffer_44_ce1                     |   1|          4|    1|          4|
    |buffer_45_address0                |   6|          3|    6|         18|
    |buffer_45_address1                |   6|          4|    6|         24|
    |buffer_45_ce0                     |   1|          3|    1|          3|
    |buffer_45_ce1                     |   1|          4|    1|          4|
    |buffer_46_address0                |   6|          3|    6|         18|
    |buffer_46_address1                |   6|          4|    6|         24|
    |buffer_46_ce0                     |   1|          3|    1|          3|
    |buffer_46_ce1                     |   1|          4|    1|          4|
    |buffer_47_address0                |   6|          3|    6|         18|
    |buffer_47_address1                |   6|          4|    6|         24|
    |buffer_47_ce0                     |   1|          3|    1|          3|
    |buffer_47_ce1                     |   1|          4|    1|          4|
    |buffer_48_address0                |   6|          3|    6|         18|
    |buffer_48_address1                |   6|          4|    6|         24|
    |buffer_48_ce0                     |   1|          3|    1|          3|
    |buffer_48_ce1                     |   1|          4|    1|          4|
    |buffer_49_address0                |   6|          3|    6|         18|
    |buffer_49_address1                |   6|          4|    6|         24|
    |buffer_49_ce0                     |   1|          3|    1|          3|
    |buffer_49_ce1                     |   1|          4|    1|          4|
    |buffer_4_address0                 |   6|          3|    6|         18|
    |buffer_4_address1                 |   6|          4|    6|         24|
    |buffer_4_ce0                      |   1|          3|    1|          3|
    |buffer_4_ce1                      |   1|          4|    1|          4|
    |buffer_50_address0                |   6|          3|    6|         18|
    |buffer_50_address1                |   6|          4|    6|         24|
    |buffer_50_ce0                     |   1|          3|    1|          3|
    |buffer_50_ce1                     |   1|          4|    1|          4|
    |buffer_51_address0                |   6|          3|    6|         18|
    |buffer_51_address1                |   6|          4|    6|         24|
    |buffer_51_ce0                     |   1|          3|    1|          3|
    |buffer_51_ce1                     |   1|          4|    1|          4|
    |buffer_52_address0                |   6|          3|    6|         18|
    |buffer_52_address1                |   6|          4|    6|         24|
    |buffer_52_ce0                     |   1|          3|    1|          3|
    |buffer_52_ce1                     |   1|          4|    1|          4|
    |buffer_53_address0                |   6|          3|    6|         18|
    |buffer_53_address1                |   6|          4|    6|         24|
    |buffer_53_ce0                     |   1|          3|    1|          3|
    |buffer_53_ce1                     |   1|          4|    1|          4|
    |buffer_54_address0                |   6|          3|    6|         18|
    |buffer_54_address1                |   6|          4|    6|         24|
    |buffer_54_ce0                     |   1|          3|    1|          3|
    |buffer_54_ce1                     |   1|          4|    1|          4|
    |buffer_55_address0                |   6|          3|    6|         18|
    |buffer_55_address1                |   6|          4|    6|         24|
    |buffer_55_ce0                     |   1|          3|    1|          3|
    |buffer_55_ce1                     |   1|          4|    1|          4|
    |buffer_56_address0                |   6|          3|    6|         18|
    |buffer_56_address1                |   6|          4|    6|         24|
    |buffer_56_ce0                     |   1|          3|    1|          3|
    |buffer_56_ce1                     |   1|          4|    1|          4|
    |buffer_57_address0                |   6|          3|    6|         18|
    |buffer_57_address1                |   6|          4|    6|         24|
    |buffer_57_ce0                     |   1|          3|    1|          3|
    |buffer_57_ce1                     |   1|          4|    1|          4|
    |buffer_58_address0                |   6|          3|    6|         18|
    |buffer_58_address1                |   6|          4|    6|         24|
    |buffer_58_ce0                     |   1|          3|    1|          3|
    |buffer_58_ce1                     |   1|          4|    1|          4|
    |buffer_59_address0                |   6|          3|    6|         18|
    |buffer_59_address1                |   6|          4|    6|         24|
    |buffer_59_ce0                     |   1|          3|    1|          3|
    |buffer_59_ce1                     |   1|          4|    1|          4|
    |buffer_5_address0                 |   6|          3|    6|         18|
    |buffer_5_address1                 |   6|          4|    6|         24|
    |buffer_5_ce0                      |   1|          3|    1|          3|
    |buffer_5_ce1                      |   1|          4|    1|          4|
    |buffer_60_address0                |   6|          3|    6|         18|
    |buffer_60_address1                |   6|          4|    6|         24|
    |buffer_60_ce0                     |   1|          3|    1|          3|
    |buffer_60_ce1                     |   1|          4|    1|          4|
    |buffer_61_address0                |   6|          3|    6|         18|
    |buffer_61_address1                |   6|          4|    6|         24|
    |buffer_61_ce0                     |   1|          3|    1|          3|
    |buffer_61_ce1                     |   1|          4|    1|          4|
    |buffer_62_address0                |   6|          3|    6|         18|
    |buffer_62_address1                |   6|          4|    6|         24|
    |buffer_62_ce0                     |   1|          3|    1|          3|
    |buffer_62_ce1                     |   1|          4|    1|          4|
    |buffer_63_address0                |   6|          3|    6|         18|
    |buffer_63_address1                |   6|          4|    6|         24|
    |buffer_63_ce0                     |   1|          3|    1|          3|
    |buffer_63_ce1                     |   1|          4|    1|          4|
    |buffer_64_address0                |   6|          3|    6|         18|
    |buffer_64_address1                |   6|          4|    6|         24|
    |buffer_64_ce0                     |   1|          3|    1|          3|
    |buffer_64_ce1                     |   1|          4|    1|          4|
    |buffer_65_address0                |   6|          3|    6|         18|
    |buffer_65_address1                |   6|          4|    6|         24|
    |buffer_65_ce0                     |   1|          3|    1|          3|
    |buffer_65_ce1                     |   1|          4|    1|          4|
    |buffer_66_address0                |   6|          3|    6|         18|
    |buffer_66_address1                |   6|          4|    6|         24|
    |buffer_66_ce0                     |   1|          3|    1|          3|
    |buffer_66_ce1                     |   1|          4|    1|          4|
    |buffer_67_address0                |   6|          3|    6|         18|
    |buffer_67_address1                |   6|          4|    6|         24|
    |buffer_67_ce0                     |   1|          3|    1|          3|
    |buffer_67_ce1                     |   1|          4|    1|          4|
    |buffer_68_address0                |   6|          3|    6|         18|
    |buffer_68_address1                |   6|          4|    6|         24|
    |buffer_68_ce0                     |   1|          3|    1|          3|
    |buffer_68_ce1                     |   1|          4|    1|          4|
    |buffer_69_address0                |   6|          3|    6|         18|
    |buffer_69_address1                |   6|          4|    6|         24|
    |buffer_69_ce0                     |   1|          3|    1|          3|
    |buffer_69_ce1                     |   1|          4|    1|          4|
    |buffer_6_address0                 |   6|          3|    6|         18|
    |buffer_6_address1                 |   6|          4|    6|         24|
    |buffer_6_ce0                      |   1|          3|    1|          3|
    |buffer_6_ce1                      |   1|          4|    1|          4|
    |buffer_70_address0                |   6|          3|    6|         18|
    |buffer_70_address1                |   6|          4|    6|         24|
    |buffer_70_ce0                     |   1|          3|    1|          3|
    |buffer_70_ce1                     |   1|          4|    1|          4|
    |buffer_71_address0                |   6|          3|    6|         18|
    |buffer_71_address1                |   6|          4|    6|         24|
    |buffer_71_ce0                     |   1|          3|    1|          3|
    |buffer_71_ce1                     |   1|          4|    1|          4|
    |buffer_72_address0                |   6|          3|    6|         18|
    |buffer_72_address1                |   6|          4|    6|         24|
    |buffer_72_ce0                     |   1|          3|    1|          3|
    |buffer_72_ce1                     |   1|          4|    1|          4|
    |buffer_73_address0                |   6|          3|    6|         18|
    |buffer_73_address1                |   6|          4|    6|         24|
    |buffer_73_ce0                     |   1|          3|    1|          3|
    |buffer_73_ce1                     |   1|          4|    1|          4|
    |buffer_74_address0                |   6|          3|    6|         18|
    |buffer_74_address1                |   6|          4|    6|         24|
    |buffer_74_ce0                     |   1|          3|    1|          3|
    |buffer_74_ce1                     |   1|          4|    1|          4|
    |buffer_75_address0                |   6|          3|    6|         18|
    |buffer_75_address1                |   6|          4|    6|         24|
    |buffer_75_ce0                     |   1|          3|    1|          3|
    |buffer_75_ce1                     |   1|          4|    1|          4|
    |buffer_76_address0                |   6|          3|    6|         18|
    |buffer_76_address1                |   6|          4|    6|         24|
    |buffer_76_ce0                     |   1|          3|    1|          3|
    |buffer_76_ce1                     |   1|          4|    1|          4|
    |buffer_77_address0                |   6|          3|    6|         18|
    |buffer_77_address1                |   6|          4|    6|         24|
    |buffer_77_ce0                     |   1|          3|    1|          3|
    |buffer_77_ce1                     |   1|          4|    1|          4|
    |buffer_78_address0                |   6|          3|    6|         18|
    |buffer_78_address1                |   6|          4|    6|         24|
    |buffer_78_ce0                     |   1|          3|    1|          3|
    |buffer_78_ce1                     |   1|          4|    1|          4|
    |buffer_79_address0                |   6|          3|    6|         18|
    |buffer_79_address1                |   6|          4|    6|         24|
    |buffer_79_ce0                     |   1|          3|    1|          3|
    |buffer_79_ce1                     |   1|          4|    1|          4|
    |buffer_7_address0                 |   6|          3|    6|         18|
    |buffer_7_address1                 |   6|          4|    6|         24|
    |buffer_7_ce0                      |   1|          3|    1|          3|
    |buffer_7_ce1                      |   1|          4|    1|          4|
    |buffer_80_address0                |   6|          3|    6|         18|
    |buffer_80_address1                |   6|          4|    6|         24|
    |buffer_80_ce0                     |   1|          3|    1|          3|
    |buffer_80_ce1                     |   1|          4|    1|          4|
    |buffer_81_address0                |   6|          3|    6|         18|
    |buffer_81_address1                |   6|          4|    6|         24|
    |buffer_81_ce0                     |   1|          3|    1|          3|
    |buffer_81_ce1                     |   1|          4|    1|          4|
    |buffer_82_address0                |   6|          3|    6|         18|
    |buffer_82_address1                |   6|          4|    6|         24|
    |buffer_82_ce0                     |   1|          3|    1|          3|
    |buffer_82_ce1                     |   1|          4|    1|          4|
    |buffer_83_address0                |   6|          3|    6|         18|
    |buffer_83_address1                |   6|          4|    6|         24|
    |buffer_83_ce0                     |   1|          3|    1|          3|
    |buffer_83_ce1                     |   1|          4|    1|          4|
    |buffer_84_address0                |   6|          3|    6|         18|
    |buffer_84_address1                |   6|          4|    6|         24|
    |buffer_84_ce0                     |   1|          3|    1|          3|
    |buffer_84_ce1                     |   1|          4|    1|          4|
    |buffer_85_address0                |   6|          3|    6|         18|
    |buffer_85_address1                |   6|          4|    6|         24|
    |buffer_85_ce0                     |   1|          3|    1|          3|
    |buffer_85_ce1                     |   1|          4|    1|          4|
    |buffer_86_address0                |   6|          3|    6|         18|
    |buffer_86_address1                |   6|          4|    6|         24|
    |buffer_86_ce0                     |   1|          3|    1|          3|
    |buffer_86_ce1                     |   1|          4|    1|          4|
    |buffer_87_address0                |   6|          3|    6|         18|
    |buffer_87_address1                |   6|          4|    6|         24|
    |buffer_87_ce0                     |   1|          3|    1|          3|
    |buffer_87_ce1                     |   1|          4|    1|          4|
    |buffer_88_address0                |   6|          3|    6|         18|
    |buffer_88_address1                |   6|          4|    6|         24|
    |buffer_88_ce0                     |   1|          3|    1|          3|
    |buffer_88_ce1                     |   1|          4|    1|          4|
    |buffer_89_address0                |   6|          3|    6|         18|
    |buffer_89_address1                |   6|          4|    6|         24|
    |buffer_89_ce0                     |   1|          3|    1|          3|
    |buffer_89_ce1                     |   1|          4|    1|          4|
    |buffer_8_address0                 |   6|          3|    6|         18|
    |buffer_8_address1                 |   6|          4|    6|         24|
    |buffer_8_ce0                      |   1|          3|    1|          3|
    |buffer_8_ce1                      |   1|          4|    1|          4|
    |buffer_90_address0                |   6|          3|    6|         18|
    |buffer_90_address1                |   6|          4|    6|         24|
    |buffer_90_ce0                     |   1|          3|    1|          3|
    |buffer_90_ce1                     |   1|          4|    1|          4|
    |buffer_91_address0                |   6|          3|    6|         18|
    |buffer_91_address1                |   6|          4|    6|         24|
    |buffer_91_ce0                     |   1|          3|    1|          3|
    |buffer_91_ce1                     |   1|          4|    1|          4|
    |buffer_92_address0                |   6|          3|    6|         18|
    |buffer_92_address1                |   6|          4|    6|         24|
    |buffer_92_ce0                     |   1|          3|    1|          3|
    |buffer_92_ce1                     |   1|          4|    1|          4|
    |buffer_93_address0                |   6|          3|    6|         18|
    |buffer_93_address1                |   6|          4|    6|         24|
    |buffer_93_ce0                     |   1|          3|    1|          3|
    |buffer_93_ce1                     |   1|          4|    1|          4|
    |buffer_94_address0                |   6|          3|    6|         18|
    |buffer_94_address1                |   6|          4|    6|         24|
    |buffer_94_ce0                     |   1|          3|    1|          3|
    |buffer_94_ce1                     |   1|          4|    1|          4|
    |buffer_95_address0                |   6|          3|    6|         18|
    |buffer_95_address1                |   6|          4|    6|         24|
    |buffer_95_ce0                     |   1|          3|    1|          3|
    |buffer_95_ce1                     |   1|          4|    1|          4|
    |buffer_96_address0                |   6|          3|    6|         18|
    |buffer_96_address1                |   6|          4|    6|         24|
    |buffer_96_ce0                     |   1|          3|    1|          3|
    |buffer_96_ce1                     |   1|          4|    1|          4|
    |buffer_97_address0                |   6|          3|    6|         18|
    |buffer_97_address1                |   6|          4|    6|         24|
    |buffer_97_ce0                     |   1|          3|    1|          3|
    |buffer_97_ce1                     |   1|          4|    1|          4|
    |buffer_98_address0                |   6|          3|    6|         18|
    |buffer_98_address1                |   6|          4|    6|         24|
    |buffer_98_ce0                     |   1|          3|    1|          3|
    |buffer_98_ce1                     |   1|          4|    1|          4|
    |buffer_99_address0                |   6|          3|    6|         18|
    |buffer_99_address1                |   6|          4|    6|         24|
    |buffer_99_ce0                     |   1|          3|    1|          3|
    |buffer_99_ce1                     |   1|          4|    1|          4|
    |buffer_9_address0                 |   6|          3|    6|         18|
    |buffer_9_address1                 |   6|          4|    6|         24|
    |buffer_9_ce0                      |   1|          3|    1|          3|
    |buffer_9_ce1                      |   1|          4|    1|          4|
    |i1_reg_2835                       |   3|          2|    3|          6|
    |i_reg_2824                        |  14|          2|   14|         28|
    |indices_address0                  |   3|          4|    3|         12|
    |indices_ce0                       |   1|          3|    1|          3|
    |indices_ce1                       |   1|          2|    1|          2|
    |indices_d0                        |  13|          3|   13|         39|
    |indices_we0                       |   1|          3|    1|          3|
    |inputData_V_TDATA_blk_n           |   1|          2|    1|          2|
    |invdar_reg_2813                   |   3|          2|    3|          6|
    |outputData_TDATA_blk_n            |   1|          2|    1|          2|
    |tmp_data_hashData_phi_fu_2851_p4  |  32|          2|   32|         64|
    |tmp_data_hashData_reg_2847        |  32|          2|   32|         64|
    |tmp_data_index_fu_854             |  13|          2|   13|         26|
    +----------------------------------+----+-----------+-----+-----------+
    |Total                             |1915|       1835| 1912|       6541|
    +----------------------------------+----+-----------+-----+-----------+

    * Register: 
    +----------------------------------------------------+----+----+-----+-----------+
    |                        Name                        | FF | LUT| Bits| Const Bits|
    +----------------------------------------------------+----+----+-----+-----------+
    |ap_CS_fsm                                           |   9|   0|    9|          0|
    |ap_reg_grp_dedupDriver_calcHash_fu_2858_ap_start    |   1|   0|    1|          0|
    |ap_reg_grp_dedupDriver_murmurhash_fu_2991_ap_start  |   1|   0|    1|          0|
    |ap_reg_ioackin_outputData_TREADY                    |   1|   0|    1|          0|
    |dataLen_reg_3417                                    |  32|   0|   32|          0|
    |i1_reg_2835                                         |   3|   0|    3|          0|
    |i_6_reg_3393                                        |   3|   0|    3|          0|
    |i_reg_2824                                          |  14|   0|   14|          0|
    |invdar_reg_2813                                     |   3|   0|    3|          0|
    |item_data_hashData_reg_3422                         |  32|   0|   32|          0|
    |lastIndex_reg_3403                                  |  13|   0|   32|         19|
    |tmp_36_reg_3408                                     |   1|   0|    1|          0|
    |tmp_data_hashData_reg_2847                          |  32|   0|   32|          0|
    |tmp_data_index_fu_854                               |  13|   0|   32|         19|
    |tmp_data_index_load_reg_3412                        |  13|   0|   32|         19|
    +----------------------------------------------------+----+----+-----+-----------+
    |Total                                               | 171|   0|  228|         57|
    +----------------------------------------------------+----+----+-----+-----------+



================================================================
== Interface
================================================================
* Summary: 
+------------------------+-----+-----+------------+---------------------+--------------+
|        RTL Ports       | Dir | Bits|  Protocol  |    Source Object    |    C Type    |
+------------------------+-----+-----+------------+---------------------+--------------+
|s_axi_AXILiteS_AWVALID  |  in |    1|    s_axi   |       AXILiteS      |  return void |
|s_axi_AXILiteS_AWREADY  | out |    1|    s_axi   |       AXILiteS      |  return void |
|s_axi_AXILiteS_AWADDR   |  in |    4|    s_axi   |       AXILiteS      |  return void |
|s_axi_AXILiteS_WVALID   |  in |    1|    s_axi   |       AXILiteS      |  return void |
|s_axi_AXILiteS_WREADY   | out |    1|    s_axi   |       AXILiteS      |  return void |
|s_axi_AXILiteS_WDATA    |  in |   32|    s_axi   |       AXILiteS      |  return void |
|s_axi_AXILiteS_WSTRB    |  in |    4|    s_axi   |       AXILiteS      |  return void |
|s_axi_AXILiteS_ARVALID  |  in |    1|    s_axi   |       AXILiteS      |  return void |
|s_axi_AXILiteS_ARREADY  | out |    1|    s_axi   |       AXILiteS      |  return void |
|s_axi_AXILiteS_ARADDR   |  in |    4|    s_axi   |       AXILiteS      |  return void |
|s_axi_AXILiteS_RVALID   | out |    1|    s_axi   |       AXILiteS      |  return void |
|s_axi_AXILiteS_RREADY   |  in |    1|    s_axi   |       AXILiteS      |  return void |
|s_axi_AXILiteS_RDATA    | out |   32|    s_axi   |       AXILiteS      |  return void |
|s_axi_AXILiteS_RRESP    | out |    2|    s_axi   |       AXILiteS      |  return void |
|s_axi_AXILiteS_BVALID   | out |    1|    s_axi   |       AXILiteS      |  return void |
|s_axi_AXILiteS_BREADY   |  in |    1|    s_axi   |       AXILiteS      |  return void |
|s_axi_AXILiteS_BRESP    | out |    2|    s_axi   |       AXILiteS      |  return void |
|ap_clk                  |  in |    1| ap_ctrl_hs |     dedupDriver     | return value |
|ap_rst_n                |  in |    1| ap_ctrl_hs |     dedupDriver     | return value |
|interrupt               | out |    1| ap_ctrl_hs |     dedupDriver     | return value |
|inputData_V_TDATA       |  in |    8|    axis    |     inputData_V     |    pointer   |
|inputData_V_TVALID      |  in |    1|    axis    |     inputData_V     |    pointer   |
|inputData_V_TREADY      | out |    1|    axis    |     inputData_V     |    pointer   |
|outputData_TDATA        | out |   64|    axis    |  outputData_V_data  |    pointer   |
|outputData_TVALID       | out |    1|    axis    | outputData_V_last_V |    pointer   |
|outputData_TREADY       |  in |    1|    axis    | outputData_V_last_V |    pointer   |
|outputData_TLAST        | out |    1|    axis    | outputData_V_last_V |    pointer   |
+------------------------+-----+-----+------------+---------------------+--------------+

